Script started on 2023-11-02 18:38:47-04:00

=======================================================================================
Task 1:

bash-4.4$ wc -l lastf23.fake >> Assignment3.txt[C[1P[1P[1P[C[C[C[C[C[C[C[C[C[C[C[C[C[C[C[C[C[C[C[C[C[C[C[C
bash-4.4$ cat Assignment3.txt 
2162 last.fake
bash-4.4$ awk '/f23/' {print} last.fake >> lastf23.fake[C[C[1@'[C[1P[C[C[C[C[C[C[C[C[C[C[C[C[C[C[C[C[C[C[C[C[C[C[C[C[C[C[C[C[C[C[C[C[C[C[C
bash-4.4$ aw[K[Kaw[K[Kwc -l | awk '/!f23/ {}p}r}i}n}t}[C lastf23.fake[C[1P lastf23.fake[1P lastf23.fake[1P lastf23.fake[1P lastf23.fake[1P lastf23.fake[1P lastf23.fake[1P lastf23.fake[1Plastf23.fake[1P lastf23.fake[1P lastf23.fake[1P lastf23.fake[1P lastf23.fake[1P lastf23.fake[1P lastf23.fake[1P lastf23.fake[1Plastf23.fake[1P lastf23.fake[1P lastf23.fake[1P lastf23.fake[1Plastf23.fake[1P lastf23.fake[C[1Plastf23.fake[C[C[C[C[C[C[C[C[C[C[C[C[C >> Assignment3.txt 
bash-4.4$ cat Assignment3.txt 
2162 last.fake
239 lastf23.fake
bash-4.4$ cat lastf23.fake
divijf23 pts/44       172.29.97.6      Thu Oct 26 14:30   still logged in
divijf23 pts/44       172.29.97.6      Thu Oct 26 14:19 - 14:30  (00:11)
saniaf23 pts/42       172.29.97.5      Thu Oct 26 14:18   still logged in
thif23   pts/31                        Thu Oct 26 03:19 - 03:34  (00:15)
thif23   pts/96                        Thu Oct 26 02:25 - 03:18  (00:52)
thif23   pts/42       172.29.96.249    Thu Oct 26 01:23 - 06:09  (04:45)
tienf23  pts/41       172.29.97.2      Wed Oct 25 22:20 - 00:22  (02:01)
aaronf23 pts/134      172.29.96.239    Wed Oct 25 20:02 - 22:08  (02:05)
aaronf23 pts/128      172.29.96.239    Wed Oct 25 19:38 - 19:47  (00:08)
jewonf23 pts/44       172.29.96.246    Wed Oct 25 19:32 - 22:24  (02:52)
junf23   pts/42       172.29.96.248    Wed Oct 25 19:30 - 22:35  (03:05)
aaronf23 pts/41       172.29.96.239    Wed Oct 25 17:35 - 20:51  (03:15)
hamzaf23 pts/41       172.29.96.215    Wed Oct 25 04:32 - 08:49  (04:17)
hamzaf23 pts/130      172.29.96.215    Tue Oct 24 23:31 - 05:01  (05:29)
aaronf23 pts/135      172.29.96.206    Tue Oct 24 19:02 - 23:06  (04:03)
hamzaf23 pts/100      172.29.96.203    Tue Oct 24 18:56 - 22:44  (03:48)
jewonf23 pts/122      172.29.96.199    Tue Oct 24 16:40 - 19:03  (02:22)
tienf23  pts/117      172.29.96.207    Mon Oct 23 21:54 - 23:01  (01:07)
jewonf23 pts/120      172.29.96.204    Mon Oct 23 19:19 - 23:34  (04:14)
jewonf23 pts/31       172.29.96.182    Mon Oct 23 16:15 - 19:26  (03:11)
jamesf23 pts/117      172.29.96.185    Mon Oct 23 00:43 - 00:51  (00:08)
jewonf23 pts/120      172.29.96.178    Sun Oct 22 19:37 - 23:57  (04:19)
hamzaf23 pts/49       172.29.96.172    Fri Oct 20 23:24 - 09:05  (09:41)
jewonf23 pts/77       172.29.96.169    Wed Oct 18 19:30 - 22:10  (02:40)
tienf23  pts/77       172.29.96.156    Wed Oct 18 18:11 - 19:02  (00:50)
tienf23  pts/62       172.29.96.157    Wed Oct 18 17:49 - 17:53  (00:03)
tienf23  pts/77       172.29.96.132    Mon Oct 16 23:40 - 23:40  (00:00)
jewonf23 pts/114      172.29.96.132    Mon Oct 16 19:23 - 22:19  (02:55)
saniaf23 pts/75       172.29.96.117    Sun Oct 15 02:45 - 05:49  (03:03)
saniaf23 pts/77       172.29.96.117    Sun Oct 15 01:17 - 04:43  (03:26)
saniaf23 pts/75       172.29.96.117    Sun Oct 15 01:06 - 02:08  (01:02)
rahulf23 pts/49       172.29.96.111    Sat Oct 14 22:05 - 22:09  (00:04)
jewonf23 pts/62       172.29.96.109    Sat Oct 14 18:06 - 20:18  (02:11)
jewonf23 pts/60       172.29.96.109    Sat Oct 14 18:05 - 20:24  (02:18)
jewonf23 pts/76       172.29.96.109    Sat Oct 14 17:44 - 17:46  (00:02)
jewonf23 pts/60       172.29.96.109    Sat Oct 14 17:12 - 18:05  (00:53)
saniaf23 pts/60       172.29.96.109    Sat Oct 14 14:12 - 16:15  (02:03)
saniaf23 pts/49       172.29.96.109    Sat Oct 14 13:17 - 16:42  (03:25)
junf23   pts/93                        Sat Oct 14 02:25 - 02:40  (00:14)
junf23   pts/93                        Sat Oct 14 02:24 - 02:25  (00:00)
junf23   pts/69       172.29.96.114    Sat Oct 14 02:14 - 03:34  (01:20)
anasf23  pts/49       172.29.96.119    Sat Oct 14 01:47 - 03:14  (01:27)
jamesf23 pts/2        172.29.96.117    Sat Oct 14 01:01 - 02:16  (01:14)
aaronf23 pts/75       172.29.96.116    Sat Oct 14 00:34 - 03:36  (03:02)
jamesf23 pts/60                        Sat Oct 14 00:25 - 00:25  (00:00)
jamesf23 pts/73       172.29.96.117    Sat Oct 14 00:06 - 02:16  (02:09)
aaronf23 pts/60       172.29.96.116    Sat Oct 14 00:03 - 00:18  (00:14)
saniaf23 pts/69       172.29.96.115    Fri Oct 13 23:27 - 02:03  (02:35)
aaronf23 pts/113                       Fri Oct 13 23:14 - 00:21  (01:06)
aaronf23 pts/113                       Fri Oct 13 23:09 - 23:13  (00:03)
kobef23  pts/110      172.29.96.117    Fri Oct 13 23:02 - 23:28  (00:26)
kobef23  pts/110      172.29.96.117    Fri Oct 13 23:01 - 23:02  (00:01)
aaronf23 pts/110                       Fri Oct 13 22:43 - 23:00  (00:17)
aaronf23 pts/107      172.29.96.116    Fri Oct 13 22:42 - 00:33  (01:51)
junf23   pts/94       172.29.96.114    Fri Oct 13 22:40 - 20:38 (1+21:57)
kobef23  pts/93       172.29.96.117    Fri Oct 13 22:19 - 23:28  (01:09)
rahulf23 pts/115      172.29.96.112    Fri Oct 13 21:55 - 00:36  (02:41)
rahulf23 pts/2        172.29.96.112    Fri Oct 13 21:54 - 00:41  (02:46)
thif23   pts/111      172.29.96.114    Fri Oct 13 21:33 - 23:58  (02:24)
tienf23  pts/77       172.29.96.116    Fri Oct 13 20:43 - 20:46  (00:02)
tienf23  pts/111      172.29.96.116    Fri Oct 13 20:24 - 20:31  (00:06)
rikkif23 pts/109      172.29.96.112    Fri Oct 13 20:17 - 23:41  (03:24)
thif23   pts/107                       Fri Oct 13 20:17 - 20:55  (00:38)
rikkif23 pts/94       172.29.96.112    Fri Oct 13 20:15 - 22:19  (02:04)
thif23   pts/77       172.29.96.114    Fri Oct 13 20:13 - 20:38  (00:25)
rikkif23 pts/69       172.29.96.112    Fri Oct 13 19:52 - 23:25  (03:32)
thif23   pts/121                       Fri Oct 13 19:05 - 19:56  (00:51)
thif23   pts/120      172.29.96.114    Fri Oct 13 19:04 - 20:56  (01:51)
rahulf23 pts/69       172.29.96.110    Fri Oct 13 17:53 - 18:24  (00:31)
divijf23 pts/115      172.29.96.103    Fri Oct 13 17:44 - 19:48  (02:03)
rahulf23 pts/114      172.29.96.110    Fri Oct 13 17:42 - 20:36  (02:53)
divijf23 pts/93                        Fri Oct 13 17:02 - 18:03  (01:01)
divijf23 pts/93                        Fri Oct 13 17:00 - 17:01  (00:00)
divijf23 pts/77       172.29.96.103    Fri Oct 13 16:58 - 20:08  (03:10)
thif23   pts/73       172.20.25.9      Fri Oct 13 14:05 - 14:28  (00:22)
thif23   pts/60                        Fri Oct 13 14:05 - 14:28  (00:22)
thif23   pts/76       172.29.96.98     Fri Oct 13 13:57 - 16:34  (02:36)
hamzaf23 pts/76       172.29.96.106    Fri Oct 13 05:15 - 08:56  (03:41)
hamzaf23 pts/75       172.29.96.106    Fri Oct 13 05:01 - 09:20  (04:19)
hamzaf23 pts/60       172.29.96.89     Thu Oct 12 19:53 - 22:21  (02:28)
hamzaf23 pts/94       172.29.96.89     Thu Oct 12 19:28 - 22:23  (02:54)
rahulf23 pts/65       172.29.96.68     Thu Oct 12 17:58 - 21:08  (03:10)
hamzaf23 pts/50       172.29.96.86     Thu Oct 12 16:56 - 19:34  (02:38)
kobef23  pts/65       172.29.96.80     Thu Oct 12 13:51 - 16:04  (02:13)
kobef23  pts/65       172.29.96.80     Thu Oct 12 13:24 - 13:51  (00:26)
kobef23  pts/65       172.29.96.80     Thu Oct 12 13:19 - 13:24  (00:04)
maximf23 pts/76       172.29.96.64     Thu Oct 12 01:28 - 01:32  (00:03)
maximf23 pts/99       172.29.96.64     Thu Oct 12 00:57 - 01:57  (00:59)
maximf23 pts/99       172.29.96.64     Thu Oct 12 00:56 - 00:57  (00:01)
maximf23 pts/99       172.29.96.64     Thu Oct 12 00:52 - 00:55  (00:03)
maximf23 pts/65       172.29.96.64     Thu Oct 12 00:33 - 01:57  (01:24)
rahulf23 pts/49       172.29.96.75     Wed Oct 11 20:42 - 22:53  (02:10)
thif23   pts/93       172.29.96.86     Wed Oct 11 19:33 - 21:45  (02:12)
jewonf23 pts/77       172.29.96.83     Wed Oct 11 19:33 - 21:49  (02:16)
rahulf23 pts/90       172.29.96.80     Wed Oct 11 19:29 - 19:33  (00:03)
rahulf23 pts/90       172.29.96.80     Wed Oct 11 19:21 - 19:22  (00:01)
rahulf23 pts/60       172.29.96.64     Wed Oct 11 13:02 - 14:04  (01:01)
tienf23  pts/2        172.29.96.51     Tue Oct 10 21:04 - 21:13  (00:08)
tienf23  pts/85       172.29.96.51     Tue Oct 10 19:39 - 21:30  (01:50)
tienf23  pts/83       172.29.96.58     Tue Oct 10 19:18 - 19:21  (00:03)
thif23   pts/80       172.29.96.66     Tue Oct 10 18:38 - 18:38  (00:00)
rahulf23 pts/48       172.29.96.55     Tue Oct 10 16:50 - 17:31  (00:40)
rahulf23 pts/64       172.29.96.55     Tue Oct 10 16:20 - 17:31  (01:11)
rahulf23 pts/49       172.29.96.23     Mon Oct  9 20:04 - 21:13  (01:08)
jewonf23 pts/54       172.29.96.42     Mon Oct  9 19:46 - 21:01  (01:15)
kobef23  pts/40       172.29.96.42     Mon Oct  9 18:51 - 19:25  (00:33)
kobef23  pts/47       172.29.96.42     Mon Oct  9 18:43 - 18:51  (00:07)
kobef23  pts/40       172.29.96.42     Mon Oct  9 18:34 - 18:47  (00:12)
kobef23  pts/40       172.29.96.42     Mon Oct  9 18:33 - 18:34  (00:01)
kobef23  pts/40       172.29.96.42     Mon Oct  9 18:30 - 18:32  (00:02)
rahulf23 pts/50       172.29.96.39     Mon Oct  9 18:02 - 20:32  (02:29)
rahulf23 pts/50       172.29.96.39     Mon Oct  9 18:00 - 18:02  (00:01)
kobef23  pts/47       172.29.96.42     Mon Oct  9 17:58 - 18:30  (00:31)
kobef23  pts/37       172.29.96.42     Mon Oct  9 17:35 - 19:49  (02:14)
kobef23  pts/37       172.29.96.42     Mon Oct  9 17:22 - 17:35  (00:12)
kobef23  pts/62       172.29.96.42     Mon Oct  9 16:58 - 17:22  (00:23)
kobef23  pts/62       172.29.96.42     Mon Oct  9 16:55 - 16:57  (00:02)
kobef23  pts/57       172.29.96.42     Mon Oct  9 16:53 - 19:06  (02:13)
kobef23  pts/57       172.29.96.42     Mon Oct  9 16:45 - 16:52  (00:07)
kobef23  pts/57       172.29.96.42     Mon Oct  9 16:39 - 16:45  (00:05)
kobef23  pts/2        172.29.96.6      Thu Oct  5 14:04 - 14:13  (00:08)
kobef23  pts/2        172.29.96.6      Thu Oct  5 13:29 - 14:03  (00:34)
kobef23  pts/36       172.29.96.90     Thu Oct  5 03:26 - 03:42  (00:15)
kobef23  pts/36       172.29.96.90     Thu Oct  5 03:23 - 03:26  (00:02)
kobef23  pts/36       172.29.96.90     Thu Oct  5 02:42 - 03:23  (00:40)
kobef23  pts/36       172.29.96.90     Thu Oct  5 02:39 - 02:41  (00:02)
kobef23  pts/36       172.29.96.90     Thu Oct  5 02:31 - 02:39  (00:08)
hof23    pts/135      172.29.96.80     Thu Oct  5 01:43 - 05:00  (03:16)
thif23   pts/132      172.20.25.9      Thu Oct  5 01:36 - 02:01  (00:25)
thif23   pts/122                       Thu Oct  5 01:36 - 02:01  (00:25)
thif23   pts/62       172.29.96.78     Thu Oct  5 01:09 - 02:34  (01:25)
jamesf23 pts/62       172.29.96.81     Thu Oct  5 00:26 - 00:59  (00:32)
divijf23 pts/72                        Thu Oct  5 00:05 - 00:08  (00:02)
divijf23 pts/148      172.29.96.83     Wed Oct  4 23:57 - 00:11  (00:14)
anasf23  pts/142      172.29.96.93     Wed Oct  4 23:24 - 01:35  (02:11)
anasf23  pts/143                       Wed Oct  4 23:04 - 23:28  (00:24)
anasf23  pts/142      172.29.96.93     Wed Oct  4 23:01 - 23:23  (00:21)
rikkif23 pts/122                       Wed Oct  4 21:07 - 22:04  (00:56)
rikkif23 pts/36       172.29.96.76     Wed Oct  4 21:05 - 00:10  (03:04)
rahulf23 pts/122      172.29.96.77     Wed Oct  4 20:22 - 20:25  (00:03)
rikkif23 pts/62       172.29.96.76     Wed Oct  4 20:09 - 23:05  (02:55)
rikkif23 pts/72                        Wed Oct  4 19:10 - 21:35  (02:25)
jewonf23 pts/162      172.29.96.94     Wed Oct  4 18:41 - 21:02  (02:20)
rikkif23 pts/161      172.29.96.76     Wed Oct  4 18:39 - 21:26  (02:47)
rikkif23 pts/96       172.29.96.76     Wed Oct  4 18:18 - 20:33  (02:15)
jewonf23 pts/104      172.29.96.94     Wed Oct  4 18:17 - 20:31  (02:13)
jewonf23 pts/144      172.29.96.94     Wed Oct  4 17:45 - 20:18  (02:32)
hof23    pts/131      172.29.96.74     Wed Oct  4 17:42 - 19:55  (02:12)
jewonf23 pts/145      172.29.96.94     Wed Oct  4 17:36 - 19:54  (02:17)
hof23    pts/143      172.29.96.74     Wed Oct  4 17:25 - 19:31  (02:06)
aaronf23 pts/156                       Wed Oct  4 17:14 - 17:14  (00:00)
jamesf23 pts/72       172.29.96.75     Wed Oct  4 17:01 - 18:26  (01:24)
aaronf23 pts/139                       Wed Oct  4 16:41 - 22:45  (06:03)
hof23    pts/88       172.29.96.74     Wed Oct  4 16:39 - 19:05  (02:25)
aaronf23 pts/122                       Wed Oct  4 16:21 - 19:54  (03:33)
aaronf23 pts/114      172.29.96.84     Wed Oct  4 16:21 - 19:26  (03:05)
hof23    pts/36       172.29.96.74     Wed Oct  4 16:16 - 18:31  (02:15)
rahulf23 pts/114                       Wed Oct  4 15:48 - 15:56  (00:08)
rahulf23 pts/114                       Wed Oct  4 15:45 - 15:45  (00:00)
rahulf23 pts/40       172.29.96.83     Wed Oct  4 15:45 - 17:59  (02:14)
aaronf23 pts/104                       Wed Oct  4 15:37 - 18:17  (02:40)
aaronf23 pts/96       172.29.96.84     Wed Oct  4 15:16 - 18:10  (02:53)
rahulf23 pts/40                        Wed Oct  4 15:04 - 15:32  (00:28)
rikkif23 pts/140                       Wed Oct  4 14:58 - 16:17  (01:18)
rahulf23 pts/139      172.29.96.83     Wed Oct  4 14:58 - 15:41  (00:43)
rahulf23 pts/139      172.29.96.83     Wed Oct  4 14:57 - 14:58  (00:00)
rikkif23 pts/137      172.29.96.76     Wed Oct  4 14:56 - 18:58  (04:01)
jamesf23 pts/133                       Wed Oct  4 14:47 - 14:48  (00:00)
jamesf23 pts/133                       Wed Oct  4 14:46 - 14:47  (00:00)
jamesf23 pts/132                       Wed Oct  4 14:42 - 14:43  (00:01)
junf23   pts/114                       Wed Oct  4 14:32 - 15:22  (00:49)
junf23   pts/62       172.29.96.70     Wed Oct  4 14:29 - 17:31  (03:02)
rahulf23 pts/133                       Wed Oct  4 13:42 - 13:42  (00:00)
rahulf23 pts/133                       Wed Oct  4 13:37 - 13:37  (00:00)
rahulf23 pts/132      172.29.96.83     Wed Oct  4 13:37 - 13:45  (00:08)
jamesf23 pts/114                       Wed Oct  4 13:35 - 14:09  (00:33)
jamesf23 pts/114                       Wed Oct  4 13:34 - 13:34  (00:00)
jamesf23 pts/114                       Wed Oct  4 13:32 - 13:32  (00:00)
jamesf23 pts/122      172.29.96.82     Wed Oct  4 13:27 - 15:02  (01:35)
rahulf23 pts/122                       Wed Oct  4 13:26 - 13:26  (00:00)
rahulf23 pts/122                       Wed Oct  4 13:21 - 13:21  (00:00)
rahulf23 pts/122                       Wed Oct  4 13:21 - 13:21  (00:00)
rahulf23 pts/114      172.29.96.81     Wed Oct  4 13:20 - 13:31  (00:10)
rahulf23 pts/122                       Wed Oct  4 13:20 - 13:20  (00:00)
rahulf23 pts/122                       Wed Oct  4 13:20 - 13:20  (00:00)
rahulf23 pts/122                       Wed Oct  4 13:19 - 13:19  (00:00)
rahulf23 pts/122                       Wed Oct  4 13:18 - 13:18  (00:00)
rahulf23 pts/114      172.29.96.81     Wed Oct  4 13:18 - 13:20  (00:02)
rahulf23 pts/122                       Wed Oct  4 13:16 - 13:16  (00:00)
rahulf23 pts/122                       Wed Oct  4 13:16 - 13:16  (00:00)
rahulf23 pts/114      172.29.96.81     Wed Oct  4 13:14 - 13:17  (00:03)
jamesf23 pts/129                       Wed Oct  4 13:05 - 16:25  (03:20)
rahulf23 pts/122                       Wed Oct  4 13:03 - 13:13  (00:10)
rahulf23 pts/114      172.29.96.81     Wed Oct  4 13:02 - 13:14  (00:11)
jamesf23 pts/121      172.29.96.82     Wed Oct  4 13:01 - 15:14  (02:12)
rahulf23 pts/114      172.29.96.81     Wed Oct  4 12:45 - 13:02  (00:16)
divijf23 pts/88                        Wed Oct  4 12:12 - 12:53  (00:40)
divijf23 pts/40       172.29.96.76     Wed Oct  4 11:57 - 14:59  (03:01)
hof23    pts/40       172.29.96.75     Wed Oct  4 06:34 - 08:49  (02:15)
divijf23 pts/36       172.29.96.72     Wed Oct  4 03:15 - 05:20  (02:04)
junf23   pts/62       172.29.96.70     Wed Oct  4 02:09 - 14:29  (12:19)
thif23   pts/104      172.20.25.9      Tue Oct  3 23:42 - 23:44  (00:01)
thif23   pts/88                        Tue Oct  3 23:42 - 23:44  (00:02)
maximf23 pts/40       172.29.96.72     Tue Oct  3 23:39 - 01:59  (02:19)
tienf23  pts/121      172.29.96.67     Tue Oct  3 23:12 - 01:42  (02:29)
hamzaf23 pts/96       172.29.96.71     Tue Oct  3 23:06 - 05:46  (06:40)
maximf23 pts/120                       Tue Oct  3 21:39 - 21:46  (00:06)
thif23   pts/104      172.20.25.9      Tue Oct  3 21:33 - 23:34  (02:01)
thif23   pts/88                        Tue Oct  3 21:33 - 23:34  (02:01)
thif23   pts/36       172.29.96.61     Tue Oct  3 21:29 - 00:47  (03:18)
thif23   pts/135      172.20.25.9      Tue Oct  3 20:42 - 23:24  (02:41)
thif23   pts/122                       Tue Oct  3 20:42 - 00:53  (04:11)
thif23   pts/40       172.29.96.61     Tue Oct  3 20:42 - 23:24  (02:42)
maximf23 pts/104                       Tue Oct  3 20:39 - 21:30  (00:51)
maximf23 pts/133      172.29.96.60     Tue Oct  3 20:32 - 23:52  (03:19)
thif23   pts/88       172.29.96.62     Tue Oct  3 06:05 - 09:18  (03:13)
thif23   pts/104      172.20.25.9      Tue Oct  3 05:01 - 05:54  (00:52)
thif23   pts/96                        Tue Oct  3 05:01 - 05:54  (00:52)
thif23   pts/88       172.29.96.62     Tue Oct  3 05:00 - 06:03  (01:02)
rahulf23 pts/122      172.29.96.59     Mon Oct  2 20:43 - 20:44  (00:00)
rahulf23 pts/122      172.29.96.59     Mon Oct  2 20:36 - 20:43  (00:06)
rikkif23 pts/122      172.29.96.52     Mon Oct  2 20:09 - 20:17  (00:08)
jewonf23 pts/139      172.29.96.59     Mon Oct  2 19:54 - 21:56  (02:02)
thif23   pts/137      172.29.96.61     Mon Oct  2 19:53 - 19:58  (00:05)
jewonf23 pts/135      172.29.96.59     Mon Oct  2 19:52 - 21:55  (02:03)
rikkif23 pts/133      172.29.96.52     Mon Oct  2 19:50 - 20:05  (00:14)
jewonf23 pts/132      172.29.96.59     Mon Oct  2 19:49 - 20:07  (00:17)
hof23    pts/131      172.29.96.53     Mon Oct  2 19:49 - 22:09  (02:20)
junf23   pts/120      172.29.96.55     Mon Oct  2 19:24 - 22:11  (02:47)
rahulf23 pts/88       172.29.96.52     Mon Oct  2 19:23 - 21:44  (02:20)
jewonf23 pts/135      172.29.96.45     Sun Oct  1 21:02 - 00:32  (03:30)
jewonf23 pts/133      172.29.96.45     Sun Oct  1 21:01 - 21:01  (00:00)
jewonf23 pts/127      172.29.96.45     Sun Oct  1 20:01 - 23:04  (03:02)
jewonf23 pts/104      172.29.96.45     Sun Oct  1 19:34 - 22:04  (02:30)
saniaf23 pts/88       172.29.96.38     Sun Oct  1 08:51 - 11:34  (02:43)
tienf23  pts/96       172.29.96.37     Sun Oct  1 05:10 - 05:12  (00:01)
tienf23  pts/96                        Sun Oct  1 04:37 - 04:56  (00:19)
tienf23  pts/96                        Sun Oct  1 04:36 - 04:37  (00:00)
tienf23  pts/96                        Sun Oct  1 04:36 - 04:36  (00:00)
bash-4.4$ vi Assignment3.txt 
[?2004h[?1049h[22;0;0t[?1h=[?2004h[1;24r[?12h[?12l[27m[23m[29m[m[H[2J[?25l[24;1H"Assignment3.txt" 2L, 32C[1;1H2162 last.fake
239 lastf23.fake
[94m~                                                                               [4;1H~                                                                               [5;1H~                                                                               [6;1H~                                                                               [7;1H~                                                                               [8;1H~                                                                               [9;1H~                                                                               [10;1H~                                                                               [11;1H~                                                                               [12;1H~                                                                               [13;1H~                                                                               [14;1H~                                                                               [15;1H~                                                                               [16;1H~                                                                               [17;1H~                                                                               [18;1H~                                                                               [19;1H~                                                                               [20;1H~                                                                               [21;1H~                                                                               [22;1H~                                                                               [23;1H~                                                                               [1;1H[?25h[?25l[m[24;1H[1m-- INSERT --[m[24;13H[K[1;1H[?25h[?25l[2;23r[2;1H[L[1;24r[1;1H[K[2;1H2162 last.fake[?25h[1;1H[?25lT[?25h[?25la[?25h[?25ls[?25h[?25lk[?25h[?25l [?25h[?25l1[?25h[?25l:[?25h[?25l[2;23r[2;1H[L[1;24r[2;1H[?25h
[?25lC2162 last.fakeC[?25h[?25lo2162 last.fakeCo[?25h[?25lm2162 last.fakeCom[?25h[?25lm2162 last.fakeComm[?25h[?25ln2162 last.fakeCommn[?25h[?25la2162 last.fake[3;7H[?25h[?25l2162 last.fake[3;20H[K[3;6H[?25h[?25l2162 last.fake[3;19H[K[3;5H[?25h[?25la2162 last.fakeComma[?25h[?25ln2162 last.fake[3;7H[?25h[?25ld2162 last.fake[3;8H[?25h[?25l 2162 last.fake[3;9H[?25h[?25lI2162 last.fake[3;10H[?25h[?25l 2162 last.fake[3;11H[?25h[?25lu2162 last.fake[3;12H[?25h[?25ls2162 last.fake[3;13H[?25h[?25le2162 last.fake[3;14H[?25h[?25ld2162 last.fake[3;15H[?25h[?25l 2162 last.fake[3;16H[?25h[?25lt2162 last.fake[3;17H[?25h[?25lo2162 last.fake[3;18H[?25h[?25l 2162 last.fake[3;19H[?25h[?25ls2162 last.fake[3;20H[?25h[?25lo2162 last.fake[3;21H[?25h[?25ll2162 last.fake[3;22H[?25h[?25lv2162 last.fake[3;23H[?25h[?25le2162 last.fake[3;24H[?25h[?25l:2162 last.fake[3;25H[?25h[?25l[4;23r[4;1H[L[1;24r[3;25H[K[4;1H2162 last.fake[?25h[3;1HCommand I used to solve:[?25lw[?25h[?25lc[?25h[?25l [?25h[?25l[?25h[?25l[3;26H[K[3;26H[?25h[?25l[3;25H[K[3;25H[?25h[?25l [?25h[?25lw[?25h[?25lc[?25h[?25l-[?25h[?25l=[?25h[?25l [?25h[?25l[?25h[?25l[3;29H[K[3;29H[?25h[?25l[3;28H[K[3;28H[?25h[?25l [?25h[?25l-[?25h[?25ll[?25h[?25l [?25h[?25ll[?25h[?25la[?25h[?25ls[?25h[?25lk[?25h[?25l.[?25h[?25lf[?25h[?25l[3;37H[K[3;37H[?25h[?25lf[?25h[?25la[?25h[?25lk[?25h[?25le[?25h[4;15H[3;1HCommand I used to solve:  [?25l[4;23r[4;1H[L[1;24r[3;26H[K[4;1Hwc -l lask.fake[?25h[?25l1wc -l lask.fake1[?25h[?25l.wc -l lask.fake1.[?25h[?25l wc -l lask.fake1. [?25h
216[?25l[6;23r[6;1H[L[1;24r[5;1H[K[6;1H2162 last.fake[?25h[?25l[7;23r[7;1H[L[1;24r[6;1H[K[7;1H2162 last.fake[?25h[6;1H[5;1H[?25l2[?25h[?25l.[?25h[?25l [?25h[?25la[?25h[?25lw[?25h[?25lk[?25h[?25l [?25h[?25l'[?25h[?25l/[?25h[?25lf[?25h[?25l2[?25h[?25l3[?25h[?25l/[?25h[?25l [?25h[?25l{[?25h[?25l}[?25h[?25lp}[?25h[?25lr}[?25h[?25li}[?25h[?25ln}[?25h[?25lt}[?25h}[?25l [?25h[?25ll[?25h[?25la[?25h[?25ls[?25h[?25lt[?25h[4;19He[?25l [?25h[?25l>[?25h[?25l>[?25h[?25l [?25h[?25lA[?25h[?25lS[?25h[?25ls[?25h[?25lg[?25h[?25li[?25h[?25ln[?25h[?25l[4;28H[K[4;28H[?25h[?25l[4;27H[K[4;27H[?25h[?25l[4;26H[K[4;26H[?25h[?25l[4;25H[K[4;25H[?25h[?25l[4;24H[K[4;24H[?25h[?25lA[?25h[?25l[4;24H[K[4;24H[?25h[?25ls[?25h[?25ls[?25h[?25li[?25h[?25lg[?25h[?25ln[?25h[?25lm[?25h[?25le[?25h[?25ln[?25h[?25lt[?25h[?25l3[?25h[?25l.[?25h[?25lt[?25h[?25lx[?25h[?25lt[?25h[5;27H[4;26H[5;26Ht[?25l.[?25h[?25lf[?25h[?25la[?25h[?25l[5;29H[K[5;29H[?25h[?25l[5;28H[K[5;28H[?25h[?25lf[?25h[?25la[?25h[?25lk[?25h[?25le[?25h[?25l [?25h[?25l>[?25h[?25l>[?25h[?25l [?25h[?25ll[?25h[?25la[?25h[?25ls[?25h[?25lt[?25h[?25lf[?25h[?25l2[?25h[?25l3[?25h[?25l,[?25h[?25lf[?25h[?25la[?25h[?25lk[?25h[?25le[?25h[?25lfake[5;47H[K[5;43H[?25h[?25l.fake[?25hfake[?25l[6;23r[6;1H[L[1;24r[6;1H[?25h[?25l3[?25h[?25l.[?25h[?25l [?25h[?25lw[?25h[?25lc[?25h[?25l [?25h[?25l-[?25h[?25ll[?25h[?25l [?25h[?25ll[?25h[?25la[?25h[?25ls[?25h[?25lt[?25h[?25lf[?25h[?25l2[?25h[?25l3[?25h[?25l.[?25h[?25lf[?25h[?25la[?25h[?25lk[?25h[?25le[?25h[?25l [?25h[?25l>[?25h[?25l>[?25h[?25l [?25h[?25lA[?25h[?25ls[?25h[?25ls[?25h[?25li[?25h[?25lg[?25h[?25ln[?25h[?25lm[?25h[?25le[?25h[?25ln[?25h[?25lt[?25h[?25l3[?25h[?25l.[?25h[?25lt[?25h[?25lx[?25h[?25lt[?25h
[?25l[8;23r[8;1H[L[1;24r[8;1H[?25h[?25lO[?25h[?25lu[?25h[?25lt[?25h[?25l [?25h[?25l[?25h[?25lp[?25h[?25lu[?25h[?25lt[?25h[?25l [?25h[?25lo[?25h[?25lf[?25h[?25lv[?25h[?25l [?25h[?25l[?25h[?25l[8;10H[K[8;10H[?25h[?25l [?25h[?25lc[?25h[?25lo[?25h[?25lm[?25h[?25lm[?25h[?25la[?25h[?25ln[?25h[?25ld[?25h[?25lL[?25h[?25l[8;18H[K[8;18H[?25h[?25l:[?25h[9;15H[?25l12162 last.fake1[?25h[?25l.2162 last.fake1.[?25h[?25l 2162 last.fake1. [?25h
239[?25l2239 lastf23.fake2[?25h[?25l.239 lastf23.fake2.[?25h[?25l 239 lastf23.fake2. [?25h[?25l[10;4H[K[11;1H239 lastf23.fake[11;17H[K[11;1H[?25h[10;1H2. [9;4H
2. [?25lN[?25h[?25lo[?25h[?25l [?25h[?25lo[?25h[?25lu[?25h[?25lt[?25h[?25l [?25h[?25l[?25h[?25lp[?25h[?25lu[?25h[?25lt[?25h[11;13H[?25l3239 lastf23.fake3[?25h[?25l.239 lastf23.fake3.[?25h[?25l 239 lastf23.fake3. [?25h239 lastf23.fake[?25l[12;1H[K[12;1H[?25h[?25l[13;1H[K[13;1H[?25h[?25lT[?25h[?25la[?25h[?25ls[?25h[12;1H[?25l[13;23r[13;1H[L[1;24r[13;1H[?25h[?25l-[?25h[?25l-[?25h[?25l-[?25h[?25l-[?25h[?25l-[?25h[?25l-[?25h[?25l-[?25h[?25l-[?25h[?25l-[?25h[?25l-[?25h[?25l-[?25h[?25l-[?25h[?25l-[?25h[?25l-[?25h[?25l-[?25h[?25l-[?25h[?25l-[?25h[?25l-[?25h
Tass[?25l2[?25h[?25lk2[?25h[?25l 2[?25h2[?25l:[?25h[?25l[15;1H[K[15;1H[?25h[?25lC[?25h[?25l[15;1H[K[15;1H[?25h[?25l[16;1H[K[16;1H[?25h[15;1H[14;1H[13;1H[12;1H[11;1H[10;1H[9;1H[8;1H[7;1H[6;1H[5;1H[4;1H[3;1H[24;1H[K[3;1H[?25l[?25h

[4;1H[3;1H












[15;1H
[?25l[24;1H[1m-- INSERT --[m[16;1HThe number of lines in lastf23.fake after you filtered everythi[?25h[?25l[24;1H[K[16;64Hng that does not  [17;1Hhave "f23"[17;11H[K[17;10H[?25h[?25l[16;1H[94m~                                                                               [17;1H~                                                                               [15;1H[?25h[14;1H[13;1H[12;1H[11;1H[10;1H[9;1H[8;1H[7;1H[6;1H[5;1H[4;1H[3;1H











[?25l[m[24;1H[1m-- INSERT --[15;1H[?25h[?25l[m[16;1H[K[16;1H[?25h[?25lCommand I used to solve: [?25h[?25l[17;1H[K[17;1H[?25h[16;1HCommand[?25ls I used to solve:[16;9H[?25h[15;1H[14;8H[13;9H[12;1H[11;9H[10;9H[9;9H[8;9H[7;1H[6;9H[5;9H[4;9H[3;9H[2;1H[3;9Hd[?25ls I used to solve:[3;9H[?25h[4;9H[5;9H[6;9H
[8;9H[9;9H[10;9H[11;9H
[13;9H[14;8H
[16;9H
[?25l[18;1H[K[18;1H[?25h[?25lOutput of command:[?25h[?25ls:[?25h[17;1H[16;19H[15;1H[14;8H[13;19H[12;1H[11;19H[10;13H[9;18H[8;19H[?25ls:[?25h[9;18H[10;13H[11;19H
[13;19H[14;8H
[16;19H
[18;19H:[?25l[1;23r[23;1H
[1;24r[18;1H[K[23;1H[94m~                                                                               [18;1H[?25h[17;1H[16;1H[?25l[17;23r[m[17;1H[L[1;24r[17;1H[?25h
[17;1H

[24;1H[K[19;1H[?25l[?25h[?25l[24;1H:[?2004h[?25hx[?25l[?2004l"Assignment3.txt" 20L, 314C written
[?2004l[?1l>[?25h[?1049l[23;0;0tbash-4.4$ awk '/@f[K[K!fa[K23/ {}p}r}i}n}t}[C lastf23.fake | wc -l
> bash: unexpected EOF while looking for matching `''
bash: syntax error: unexpected end of file
bash-4.4$ awk '/!f23/ {print} lastf23.fake | wc -l[C[C[C[1@'[C[C[C[C[C[C[C[C[C[C[C[C[C[C[C[C[C[C[C[C[C
0
bash-4.4$ wc -l lastf23.fake
239 lastf23.fake
bash-4.4$ vi Assignment3.txt 
[?2004h[?1049h[22;0;0t[?1h=[?2004h[1;24r[?12h[?12l[27m[23m[29m[m[H[2J[?25l[24;1H"Assignment3.txt" 20L, 314C[1;1HTask 1:

Commands I used to solve:
1. wc -l lask.fake >> Assignment3.txt
2. awk '/f23/ {print} last.fake >> lastf23.fake
3. wc -l lastf23.fake >> Assignment3.txt

Output of commands:
1. 2162 last.fake
2. No output
3. 239 lastf23.fake

------------------
Task 2:

Commands I used to solve:


Output of commands:

[94m~                                                                               [22;1H~                                                                               [23;1H~                                                                               [1;1H[?25h[?25l[m[24;1H[1m-- INSERT --[m[24;13H[K[1;1H[?25h









[10;1H[9;1H[8;1H[7;1H[6;1H[5;1H[4;1H[3;1H[2;1H[1;1H




[5;1H
3. [?25l[7;23r[7;1H[L[1;24r[6;4H[K[7;1Hwc -l lastf23.fake >> Assignment3.txt[?25h[?25l[8;23r[8;1H[L[1;24r[7;1H[K[8;1Hwc -l lastf23.fake >> Assignment3.txt[?25h[7;1H[?25lawk '/!f23/ {print}' lastf23.fake | wc -l[?25h[24;1H[K[7;41H[?25l[?25h[?25l[24;1H:[?2004h[?25hx[?25l[?2004l"Assignment3.txt" 22L, 357C written
[?2004l[?1l>[?25h[?1049l[23;0;0tbash-4.4$ grep [1@e[C[C[C[C[C ' ^ ( ) [1@[[1@][1@^[1@ [C[C[1@\[C[C [ } [1P [1P { } [1@3[C[C [ ] [1@\[1@ [C* S u n ' [C l a s t f 2 3 . f a ke egrep '^[^ ]+ [^ ]+ [^ ]+ Sunn' lastf23.fake [1P [1P [1P [1P [1P [1P [1P [1P [1P [1P [1P [1P [K[1P [1P [A[C[C[C[C[C[C[C[C[C[C[C[C[C[C[C[C[C[C[C[C[C[C[C[C[C[C[C[C[C[C[C[C[C[C[C[C[C[C[C[C[C[C[C[C[C[C[C[C[C[C[C[C[C[C[C[C[C[C[C[C[C[C[C[C[C[C[C[C[C[C[C[C[C[C[C[C[C[C[C  [K[A[C[C[C[C[C[C[C[C[C[C[C[C[C[C[C[C[C[C[C[C[C[C[C[C[C[C[C[C[C[C[C[C[C[C[C[C[C[C[C[C[C[C[C[C[C[C[C[C[C[C[C[C[C[C[C[C[C[C[C[C[C[C[C[C[C[C[C[C[C[C[C[C[C[C[C[C[C[C[C[1P 
[K[A[C[C[C[C[C[C[C[C[C[C[C[C[C[C[C[C[C[C[C[C[C[C[C[C[C[C[C[C[C[C[C[C[C[C[C[C[C[C[C[C[C[C[C[C[C[C[C[C[C[C[C[C[C[C[C[C[C[C[C[C[C[C[C[C[C[C[C[C[C[C[C[C[C[C[C[C[C[C[K[1P [1P [K[1P [1P [K[1P [1P [K[1P [1P [K[1P [1P [K[1P [1P [1P [1P [K[1P [1P [1P [1P [1P [1P [1P [1P [1P [1P [1P [1P [1P [1P [1P [1P [1P [K[1P [1P [1P [1P [1P [1P [K[1P [1P [K[1P [1P [1P [K[1P [1P [1P [K[1P [1P [1P [1P [1P [K[1P [1P [1P [1P [1P w [1P e g r e p [C ' ^ [ ] [1@^[1@ [1@ [C[1P[C\ [C[1P + [C + [C[C[C[C[C[C[1@([C[C[C[C[C[C[C) [C { } [C[1@3[CS u n ' [C l a s f [1P t f 2 3 . f a k e [C | [C ' [1P a w k [C ' { } [1@p[1@r[1@i[2@nt[C[1@$[1@1[C[1@ [1P[1@ [C[C[C' [C | [C s o r t [C | [C u n  [A[C[C[C[C[C[C[C[C[C[C[C[C[C[C[C[C[C[C[C[C[C[C[C[C[C[C[C[C[C[C[C[C[C[C[C[C[C[C[C[C[C[C[C[C[C[C[C[C[C[C[C[C[C[C[C[C[C[C[C[C[C[C[C[C[C[C[C[C[C[C[C[C[C[C[C[C[C[Ci  q [C | [C a w k [C ' B E G I N [C { } [1@p[1@r[1@i[1@n[1@t[1@ [1@"[1@U[1@s[1@e[1@r[1@s[1@ [1@w[1@h[1@o[1@ [1@l[1@o[1@g[1@g[1@e[1@d[1@ [1@i[1@n[1@ [1@o[1@n[1@ [1@S[1@u[1@n[1@d[1@a[1@y[1@ [1P[1@:[1@ [1@"[C[C { } [1@p[1@r[1@i[1@n[1@t[C[C E N D [C { } } [1P [1@E[1@n[1@d[1@ [1@o[1@f[1@ t}  [A[C[C[C[C[C[C[C[C[C[C[C[C[C[C[C[C[C[C[C[C[C[C[C[C[C[C[C[C[C[C[C[C[C[C[C[C[C[C[C[C[C[C[C[C[C[C[C[C[C[C[C[C[C[C[C[C[C[C[C[C[C[C[C[C[C[C[C[C[C[C[C[C[C[C[C[C[Ch}  [A[C[C[C[C[C[C[C[C[C[C[C[C[C[C[C[C[C[C[C[C[C[C[C[C[C[C[C[C[C[C[C[C[C[C[C[C[C[C[C[C[C[C[C[C[C[C[C[C[C[C[C[C[C[C[C[C[C[C[C[C[C[C[C[C[C[C[C[C[C[C[C[C[C[C[C[C[C[Ce} [1@ [1@l[1@i[1@s[1@t[1@.[1@ [1P
> "}'[C[Cegrep '^([^ ]+ +) {3}Sun' lastf23.fake | awk '{print $1}' | sort | uniq | awk ''BEGIN {print "Users who logged in on Sunday: "} {print} END {End of the list.}  [A[A[C[C"}'[K
[K
[K[A[A[C[C[C[C[Cegrep '^([^ ]+ +) {3}Sun' lastf23.fake | awk '{print $1}' | sort | uniq | awk ''BEGIN {print "Users who logged in on Sunday: "} {print} END {End of the list.}  [A[C[C[C[C[C[C[C[C[C[C[C[C[C[C[C[C[C[C[C[C[C[C[C[C[C[C[C[C[C[C[C[C[C[C[C[C[C[C[C[C[C[C[C[C[C[C[C[C[C[C[C[C[C[C[C[C[C[C[C[C[C[C[C[C[C[C[C[C[C[C[C[C[C[C[C[C[C[C[C[C[C[C[C
[A[A[C[C"}'[K
[K
[K[A[A[C[C[C[C[C[1P}'egrep '^([^ ]+ +) {3}Sun' lastf23.fake | awk '{print $1}' | sort | uniq | awk ''BEGIN {print "Users who logged in on Sunday: "} {print} END {End of the list.}  [A[C[C[C[C[C[C[C[C[C[C[C[C[C[C[C[C[C[C[C[C[C[C[C[C[C[C[C[C[C[C[C[C[C[C[C[C[C[C[C[C[C[C[C[C[C[C[C[C[C[C[C[C[C[C[C[C[C[C[C[C[C[C[C[C[C[C[C[C[C[C[C[C[C[C[C[C[C[C[C[C[1P
[K[A[C[C[C[C[C[C[C[C[C[C[C[C[C[C[C[C[C[C[C[C[C[C[C[C[C[C[C[C[C[C[C[C[C[C[C[C[C[C[C[C[C[C[C[C[C[C[C[C[C[C[C[C[C[C[C[C[C[C[C[C[C[C[C[C[C[C[C[C[C[C[C[C[C[C[C[C[C[1P[1P[1P[1P[1P[1P[1P[1P[1P[1P[1P[1P[1P[1P[1P[1P[1@"[1@p[1@r[1@i[1@n[1@t[1@"[C[1P[C[C[C[1P[1@{[C[C[C[C[C[C[C[A[C[C}'[K
[K[A[C[C[C[C[1P'[C[Kegrep '^([^ ]+ +) {3}Sun' lastf23.fake | awk '{print $1}' | sort | uniq | awk ''BEGIN {print "Users who logged in on Sunday: "} {print} END {print} ' [A[C[C[K
[K[A[C[C
> âˆ‚[K[K> [K> bash: unexpected EOF while looking for matching `''
bash: syntax error: unexpected end of file
bash-4.4$ egrep '^([^ ]+ +) {3}Sun' lastf23.fake | awk '{print $1}' | sort | uniqq | awk 'BEGIN {print "Users who logged in on Sunday: "} {print} END {print}' 

[A[A[A[C[C[C[C[C[C[C[C[C[Cvi Assignment3.txt [K
[K
[K
[K[A[A[A[C[C[C[C[C[C[C[C[C[C[C[C[C[C[C[C[C[C[C[C[C[C[C[C[C[C[C[C[C[C[C[C[C[C[C[C[C[C[Cegrep '^([^ ]+ +) {3}Sun' lastf23.fake | awk '{print $1}' | sort | uniqq | awk 'BEGIN {print "Users who logged in on Sunday: "} {print} END {print}' 

[K[A[K[A[C[C[C[C[C[C[C[C[C[C[C[C[C[C[C[C[C[C[C[C[C[C[C[C[C[C[C[C[C[C[C[C[C[C[C[C[C[C[C[C[C[C[C[C[C[C[C[C[C[C[C[C[C[C[C[C[C[C[C[C[C[C[C[C[C[C[C[C[C[C[C[C[C[C[C[C[C[C[K[C
Users who logged in on Sunday: 

bash-4.4$ [Kbash-4.4$ [Kbash-4.4$ [Kbash-4.4$ [Kbash-4.4$ [Kbash-4.4$ [Kbash-4.4$ [Kbash-4.4$ [Kbash-4.4$ [Kbash-4.4$ [Kbash-4.4$ [Kbash-4.4$ [Kbash-4.4$ [Kbash-4.4$ [Kbash-4.4$ [Kbash-4.4$ [Kbash-4.4$ [Kbash-4.4$ [Kbash-4.4$ [Kbash-4.4$ [Kbash-4.4$ [Kbash-4.4$ [Kbash-4.4$ [Kbash-4.4$ [Kbash-4.4$ exit
exit

Script done on 2023-11-02 19:34:54-04:00
Script started on 2023-11-02 19:42:43-04:00
bash-4.4$ egrep '^([^ ]+ +) {3}Sun' lastf23.fake | awk '{print $1}' | sort | uniqq | awk 'BEGIN {print "Users who logged in on Sunday: "} {print} END {print}'[A[C[C[C[C[C[C[C[C[C[C[Cxit[K
[K[A[C[C[C[C[C[C[C[C[C[C[C[C[C[Cgrep '^([^ ]+ +) {3}Sun' lastf23.fake | awk '{print $1}' | sort | uniqq | awk 'BEGIN {print "Users who logged in on Sunday: "} {print} END {print}'[C[C[C[C[C[C[C[C[C[C[C }'"}'"}' [A[C[C[C[C[C[C[C[C[C[C[C[C[C[C[C[C[C[C[C[C[C[C[C[C[C[C[C[C[C[C[C[C[C[C[C[C[C[C[C[C[C[C[C[C[C[C[C[C[C[C[C[C[C[C[C[C[C[C[C[C[C[C[C[C[C[C[C[C[C[C[C[C[C[C[C[C[CKudoos to these people for putting in the work"}'[A[C[C[C[C[C[C[C[C[C[C[C[C[C[C[C[C[C[C[C[C[C[C[C[C[C[C[C[C[C[C[C[C[C[C[C[C[C[C[C[C[C[C[C[C[C[C[C[C[C[C[C[C[C[C[C[C[C[C[C[C[C[C[C[C[C[C[C[C[C[C[C[C[C[C[C[C[C[C[C[C | awk 'BEGIN {print "Users who logged in on Sunday: "} {print} END {print "Kud[1@o[A- | awk 'BEGIN {print "Users who logged in on Sunday: "} {print} END {print "Ku[1@d[A[CS | awk 'BEGIN {print "Users who logged in on Sunday: "} {print} END {print "K[1@u[A[C[C | awk 'BEGIN {print "Users who logged in on Sunday: "} {print} END {print "Ku[1P[A[C[CD | awk 'BEGIN {print "Users who logged in on Sunday: "} {print} END {print "K[1@u[A[C[C[A[C[C[C[C[C[C[C[C[C[C[C[C[C[C[C[C[C[C[C[C[C[C[C[C[C[C[C[C[C[C[C[C[C[C[C[C[C[C[C[C[C[C[C[C[C[C[C[C[C[C[C[C[C[C[C[C[C[C[C[C[C[C[C[C[C[C[C[C[C[C[C[C[C[C[C[C[C[C[C[C uniq -D | awk 'BEGIN {print "Users who logged in on Sunday: "} {print} END {print "Ku[1P[A[A[C[C[C[C[C[C[C[C[C[C[C[C[C[C[C[C[C[C[C[C[C[C[C[C[C[C[C[C[C[C[C[C[C[C[C[C[C[C[C[C[C[C[C[C[C[C[C[C[C[C[C[C[C[C[C[C[C[C[C[C[C[C[C[C[C[C[C[C[C[C[C[C[C[Cuniq -D | awk 'BEGIN {print "Users who logged in on Sunday: "} {print} END {print "Kud[1P[A[A[C[C[C[C[C[C[C[C[C[C[C[C[C[C[C[C[C[C[C[C[C[C[C[C[C[C[C[C[C[C[C[C[C[C[C[C[C[C[C[C[C[C[C[C[C[C[C[C[C[C[C[C[C[C[C[C[C[C[C[C[C[C[C[C[C[C[C[C[C[C[C[C[C uniq -D | awk 'BEGIN {print "Users who logged in on Sunday: "} {print} END {print "Kudo[1P[A[A[C[C[C[C[C[C[C[C[C[C[C[C[C[C[C[C[C[C[C[C[C[C[C[C[C[C[C[C[C[C[C[C[C[C[C[C[C[C[C[C[C[C[C[C[C[C[C[C[C[C[C[C[C[C[C[C[C[C[C[C[C[C[C[C[C[C[C[C[C[C[C[C uniq -D | awk 'BEGIN {print "Users who logged in on Sunday: "} {print} END {print "Kudos[1P[A[A[C[C[C[C[C[C[C[C[C[C[C[C[C[C[C[C[C[C[C[C[C[C[C[C[C[C[C[C[C[C[C[C[C[C[C[C[C[C[C[C[C[C[C[C[C[C[C[C[C[C[C[C[C[C[C[C[C[C[C[C[C[C[C[C[C[C[C[C[C[C[C uniq -D | awk 'BEGIN {print "Users who logged in on Sunday: "} {print} END {print "Kudos [1P[A[A[C[C[C[C[C[C[C[C[C[C[C[C[C[C[C[C[C[C[C[C[C[C[C[C[C[C[C[C[C[C[C[C[C[C[C[C[C[C[C[C[C[C[C[C[C[C[C[C[C[C[C[C[C[C[C[C[C[C[C[C[C[C[C[C[C[C[C[C[C[C uniq -D | awk 'BEGIN {print "Users who logged in on Sunday: "} {print} END {print "Kudos t[1P[A[A[C[C[C[C[C[C[C[C[C[C[C[C[C[C[C[C[C[C[C[C[C[C[C[C[C[C[C[C[C[C[C[C[C[C[C[C[C[C[C[C[C[C[C[C[C[C[C[C[C[C[C[C[C[C[C[C[C[C[C[C[C[C[C[C[C[C[C[C[Cuniq -D | awk 'BEGIN {print "Users who logged in on Sunday: "} {print} END {print "Kudos to[1P[A[A[C[C[C[C[C[C[C[C[C[C[C[C[C[C[C[C[C[C[C[C[C[C[C[C[C[C[C[C[C[C[C[C[C[C[C[C[C[C[C[C[C[C[C[C[C[C[C[C[C[C[C[C[C[C[C[C[C[C[C[C[C[C[C[C[C[C[C[C uniq -D | awk 'BEGIN {print "Users who logged in on Sunday: "} {print} END {print "Kudos to [1P[A[A[C[C[C[C[C[C[C[C[C[C[C[C[C[C[C[C[C[C[C[C[C[C[C[C[C[C[C[C[C[C[C[C[C[C[C[C[C[C[C[C[C[C[C[C[C[C[C[C[C[C[C[C[C[C[C[C[C[C[C[C[C[C[C[C[C[C[Cuniq -D | awk 'BEGIN {print "Users who logged in on Sunday: "} {print} END {print "Kudos to t[1P[A[A[C[C[C[C[C[C[C[C[C[C[C[C[C[C[C[C[C[C[C[C[C[C[C[C[C[C[C[C[C[C[C[C[C[C[C[C[C[C[C[C[C[C[C[C[C[C[C[C[C[C[C[C[C[C[C[C[C[C[C[C[C[C[C[C[C[C| uniq -D | awk 'BEGIN {print "Users who logged in on Sunday: "} {print} END {print "Kudos to [1@t[A[A[C[C[C[C[C[C[C[C[C[C[C[C[C[C[C[C[C[C[C[C[C[C[C[C[C[C[C[C[C[C[C[C[C[C[C[C[C[C[C[C[C[C[C[C[C[C[C[C[C[C[C[C[C[C[C[C[C[C[C[C[C[C[C[C[C[C uniq -D | awk 'BEGIN {print "Users who logged in on Sunday: "} {print} END {print "Kudos to t[1P[A[A[C[C[C[C[C[C[C[C[C[C[C[C[C[C[C[C[C[C[C[C[C[C[C[C[C[C[C[C[C[C[C[C[C[C[C[C[C[C[C[C[C[C[C[C[C[C[C[C[C[C[C[C[C[C[C[C[C[C[C[C[C[C[C[C[C[C[C uniq -D | awk 'BEGIN {print "Users who logged in on Sunday: "} {print} END {print "Kudos to [1@t[A[A[C[C[C[C[C[C[C[C[C[C[C[C[C[C[C[C[C[C[C[C[C[C[C[C[C[C[C[C[C[C[C[C[C[C[C[C[C[C[C[C[C[C[C[C[C[C[C[C[C[C[C[C[C[C[C[C[C[C[C[C[C[C[C[C[C[C| uniq -D | awk 'BEGIN {print "Users who logged in on Sunday: "} {print} END {print "Kudos to[1@ [A[A[C[C[C[C[C[C[C[C[C[C[C[C[C[C[C[C[C[C[C[C[C[C[C[C[C[C[C[C[C[C[C[C[C[C[C[C[C[C[C[C[C[C[C[C[C[C[C[C[C[C[C[C[C[C[C[C[C[C[C[C[C[C[C[C[C[C[C[C uniq -D | awk 'BEGIN {print "Users who logged in on Sunday: "} {print} END {print "Kudos t[1@o[A[A[C[C[C[C[C[C[C[C[C[C[C[C[C[C[C[C[C[C[C[C[C[C[C[C[C[C[C[C[C[C[C[C[C[C[C[C[C[C[C[C[C[C[C[C[C[C[C[C[C[C[C[C[C[C[C[C[C[C[C[C[C[C[C[C[C[C[C[Cuniq -D | awk 'BEGIN {print "Users who logged in on Sunday: "} {print} END {print "Kudos to[1P[A[A[C[C[C[C[C[C[C[C[C[C[C[C[C[C[C[C[C[C[C[C[C[C[C[C[C[C[C[C[C[C[C[C[C[C[C[C[C[C[C[C[C[C[C[C[C[C[C[C[C[C[C[C[C[C[C[C[C[C[C[C[C[C[C[C[C[C[C[C[C[C[C[C[C[C[C[C[C[C
[C[C[C[C[C[C[C[C[C[C[C[C[C[C[C[C[C[C[C[C[C[C[C[C[C[C[C[C[C[C[C[C[C[C[C[C[C[C[C[C[C[C[C[C[C[C[C[C[C[C[C[C[C[C[C[C[C[C[C[C[C[C[C[C[C[C[C[C[C[C[C[C[C[C[C[C[C[C[C
[C[C[C[C[C[C[C[C[C[C[C[C[C[C[C[C[C[C[C[C[C[C[C[C[C[C[C[C[C[C[C[C[C[C[C[C[C[C[C[C[C
Users who logged in on Sunday: 
Kudos to these people for putting in the work
bash-4.4$ egrep '^( {3}Sun)' lastf23.fake | uniq -u | awk 'BEGIN {print "Users whho logged in on Sunday: "} {print} END {print "Kudos to these people for putting  in the work"}'
Users who logged in on Sunday: 
Kudos to these people for putting in the work
bash-4.4$ egrep '^( {3}Sun)' lastf23.fake | uniq -u 
bash-4.4$ egrep '^( {3}Sun)' lastf23.fake | uniq -u >> test.tc[Kxt
bash-4.4$ cat test.txt 
bash-4.4$ exit 
exit

Script done on 2023-11-02 19:49:33-04:00
Script started on 2023-11-02 20:26:50-04:00
bash-4.4$ exit[K[K[K[Kegrep '^( {3}Sun)' lastf23.fake | uniq -u >> test.txt[C[1P[1@5[C[C[C[C[C[C[C[C[C[C[C[C[C[C[C[C[C[C[C[C[C[C[C[C[C[C[C[C[C[C[C[C[C[C[C[C[C[C[C[C[C
bash-4.4$ cat test.txt 
bash-4.4$ egrep '^( {3}Sun)' lastf23.fake | uniq -u | awk 'BEGIN {print "Users whho logged in on Sunday: "} {print} END {print "Kudos to these people for putting  in the work"}'[A[Acat test.txt [K
[K
[K[A[A[C[C[C[C[C[C[C[C[C[C[C[C[C[C[C[C[C[C[C[C[C[C[C[C[C[C[C[C[C[C[C[C[Cegrep '^( {3}Sun)' lastf23.fake | uniq -u | awk 'BEGIN {print "Users whho logged in on Sunday: "} {print} END {print "Kudos to these people for putting  in the work"}'[A[C[C[C[C[C[C[C[C[C[C[C[C[C[C[C[C[C[C[C[C[C[C[C[C[C[C[C[C[C[C[C[C[C[C[C[C[C[C[C[C[C[C[C[C[C[C[C[C[C[C[C[C[C[C[C[C[C[C[C[C[C[C[C[C[C[C[C[C[C[C[C[C[C[C[C[C[C[C[C[A[C[C[C[C[C[C[C[C[C[C[C[C[C[C[C[C[C[C[C[C[C[C[C[C[C[C[C[C[C[C[C[C[C[C[C[C[C[C[C[C[C[C[C[C[C[C[C[C[C[C[C[C[C[C[C[C[C[C[C[C[C[C[C[C[C[C[C[C[C[C[C[C[C[C[C[C[C[C[C' lastf23.fake | uniq -u | awk 'BEGIN {print "Users who logged in on Sunday: "} {print} END {print "Kudos to these people for putting i[1P[A[A[C[C[C[C[C[C[C[C[C[C[C[C[C[C[C[C[C[C[C[C[C[C[C[C[C' lastf23.fake | uniq -u | awk 'BEGIN {print "Users who logged in on Sunday: "} {print} END {print "Kudos to these people for putting in[1P[A[A[C[C[C[C[C[C[C[C[C[C[C[C[C[C[C[C[C[C[C[C[C[C[C[C' lastf23.fake | uniq -u | awk 'BEGIN {print "Users who logged in on Sunday: "} {print} END {print "Kudos to these people for putting in [1P[A[A[C[C[C[C[C[C[C[C[C[C[C[C[C[C[C[C[C[C[C[C[C[C[C' lastf23.fake | uniq -u | awk 'BEGIN {print "Users who logged in on Sunday: "} {print} END {print "Kudos to these people for putting in t[1P[A[A[C[C[C[C[C[C[C[C[C[C[C[C[C[C[C[C[C[C[C[C[C[C' lastf23.fake | uniq -u | awk 'BEGIN {print "Users who log[Ced in on Sunday: "} {print} END {print "Kudos to these people for putting in th[1P[A[A[C[C[C[C[C[C[C[C[C[C[C[C[C[C[C[C[C[C[C[C[C' lastf23.fake | uniq -u | awk 'BEGIN {print "Users who logged in on Sunday: "} {print} END {print "Kudos to these people for putting in the[1P work"}'[A[A[C[C[C[C[C[C[C[C[C[C[C[C' lastf23.fake | uniq -u | awk 'BEGIN {print "Users who logged in on Sunday: "} {print} END {print "Kudos to these people for putting in the [1Pwork"}'[A[A[C[C[C[C[C[C[C[C[C[C[C[C' lastf23.fake | uniq -u | awk 'BEGIN {print "Users who logged in on Sunday: "} {print} END {print "Kudos to these people for putting in the w[1Pork"}'[A[A[C[C[C[C[C[C[C[C[C[C[C[C' lastf23.fake | uniq -u | awk 'BEGIN {print "Users who logged in on Sunday: "} {print} END {print "Kudos to these people for putting in the wo[1Prk"}'[A[A[C[C[C[C[C[C[C[C[C[C[C[C' lastf23.fake | uniq -u | awk 'BEGIN {print "Users who logged in on Sunday: "} {print} END {print "Kudos to these people for putting in the wor[1Pk"}'[A[A[C[C[C[C[C[C[C[C[C[C[C[CS' lastf23.fake | uniq -u | awk 'BEGIN {print "Users who logged in on Sunday: "} {print} END {print "Kudos to these people for putting in the work"}'[A[A[C[C[C[C[C[C[C[C[C[C[C[Cu' lastf23.fake | uniq -u | awk 'BEGIN {print "Users who logged in on Sunday: "} {print} END {print "Kudos to these people for putting in the work"}'[A[A[C[C[C[C[C[C[C[C[C[C[C[Cn' lastf23.fake | uniq -u | awk 'BEGIN {print "Users who logged in on Sunday: "} {print} END {print "Kudos to these people for putting in the work"}'[A[A[C[C[C[C[C[C[C[C[C[C[C[C[C lastf23.fake | uniq -u | awk 'BEGIN {print "Users who logged in on Sunday: "} {print} END {print "Kudos to these people for putting in the w[1Pork"}'[A[A[C[C[C[C[C[C[C[C[C[C[C[C[C" lastf23.fake | uniq -u | awk 'BEGIN {print "Users who logged in on Sunday: "} {print} END {print "Kudos to these people for putting in the work"}'[A[A[C[C[C[C[C[C[C[C[C[C[C[C[CSun" lastf23.fake | uniq -u | awk 'BEGIN {print "Users who logged in on Sunday: "} {print} END {print "Kudos to these people for putting in the w[1Pork"}'[A[A[C[C[C[C[C[C[C[C[C"Sun" lastf23.fake | uniq -u | awk 'BEGIN {print "Users who logged in on Sunday: "} {print} END {print "Kudos to these people for putting in the work"}'[A[A[C[C[C[C[C[C[C[C[C


Users who logged in on Sunday: 
jewonf23 pts/120      172.29.96.178    Sun Oct 22 19:37 - 23:57  (04:19)
saniaf23 pts/75       172.29.96.117    Sun Oct 15 02:45 - 05:49  (03:03)
saniaf23 pts/77       172.29.96.117    Sun Oct 15 01:17 - 04:43  (03:26)
saniaf23 pts/75       172.29.96.117    Sun Oct 15 01:06 - 02:08  (01:02)
jewonf23 pts/135      172.29.96.45     Sun Oct  1 21:02 - 00:32  (03:30)
jewonf23 pts/133      172.29.96.45     Sun Oct  1 21:01 - 21:01  (00:00)
jewonf23 pts/127      172.29.96.45     Sun Oct  1 20:01 - 23:04  (03:02)
jewonf23 pts/104      172.29.96.45     Sun Oct  1 19:34 - 22:04  (02:30)
saniaf23 pts/88       172.29.96.38     Sun Oct  1 08:51 - 11:34  (02:43)
tienf23  pts/96       172.29.96.37     Sun Oct  1 05:10 - 05:12  (00:01)
tienf23  pts/96                        Sun Oct  1 04:37 - 04:56  (00:19)
tienf23  pts/96                        Sun Oct  1 04:36 - 04:37  (00:00)
tienf23  pts/96                        Sun Oct  1 04:36 - 04:36  (00:00)
Kudos to these people for putting in the work
bash-4.4$ egrep "Sun" lastf23.fake | uniq -u | awk 'BEGIN {print "Users who loggeed in on Sunday: "} {print} END {print "Kudos to these people for putting in the  work"}'[A[C[C[C[C[C[C[C[C[C[C[C[C[C[C[C[C[C[C[C[C[C[C[C[C[C[C[C[C[C[C[C[C[C[C[C[C[C[C[C[C[C[C[C[C[C[C[C[C[C[C[C[C[C[C[C[C[C[C[C[C[C[C[C[C[C[C[C[C[C[C[C[C[C[C[C[C[C[C[C[A[C[C[C[C[C[C[C[C[C[C[C[C[C[C[C[C[C[C[C[C[C[C[C[C[C[C[C[C[C[C[C[C[C[C[C[C[C[C[C[C[C[C[C[C[C[C[C[C[C[C[C[C[C[C[C[C[C[C[C[C[C[C[C[C[C[C[C[C[C[C[C[C[C[C[C[C[C[C[C[C[K
[K
[K[A[A[C[C[C[C[C[C[C[C[C[Cegrep "Sun" lastf23.fake | uniq -u | awk 'BEGIN {print "Users who loggeed in on Sunday: "} {print} END {print "Kudos to these people for putting in the  work"}'[A[A[C[Ccat test.txt [K
[K
[K[A[A[C[C[C[C[C[C[C[C[C[C[C[C[C[C[C[C[C[C[C[C[C[C[C[C[C[C[C[C[C[C[C[C[Cegrep '^( {5}Sun)' lastf23.fake | uniq -u >> test.txt[C[C[C[C[C[C[C[C[C[Ccat test.txt [K[C[C[C[C[C[C[C[C[C[Cegrep "Sun" lastf23.fake | uniq -u | awk 'BEGIN {print "Users who loggeed in on Sunday: "} {print} END {print "Kudos to these people for putting in the  work"}'[A[C[C[C[C[C[C[C[C[C[C[C[C[C[C[C[C[C[C[C[C[C[C[C[C[C[C[C[C[C[C[C[C[C[C[C[C[C[C[C[C[C[C[C[C[C[C[C[C[C[C[C[C[C[C[C[C[C[C[C[C[C[C[C[C[C[C[C[C[C[C[C[C[C[C[C[C[C[C[C[C } END {print "Kudos to these people for putting in the work"}'[A[C[C[C[C[C[C[C[C[C[C[C[C[C[C[C[C[C[C$} END {print "Kudos to these people for putting in the work"}'[A[C[C[C[C[C[C[C[C[C[C[C[C[C[C[C[C[C[C1} END {print "Kudos to these people for putting in t[1@h[A[C[C[C[C[C[C[C[C[C[C[C[C[C[C[C[C[C[C[C[C[C[C[C[C[C[C[C[A[C[C[C[C[C[C[C[C[C[C[C[C[C[C[C[C[C[C[C[C[C[C[C[C[C[C[C[C[C[C[C[C[C[C[C[C[C[C[C[C[C[C[C[C[C[C[C[C[C[C[C[C[C[C[C[C[C[C[C[C[C[C[C[C[C[C[C[C[C[C[C[C[C[C[C[C[C[C[C[C[C[C | awk 'BEGIN {print "Users who logged in on Sunday: "} {print $1} END {print "Kudos to these people for putting in th[1P[A[A[C[C[C[C[C[C[C[C[C[C[C[C[C[C[C[C[C[C[C[C[C[C[C[C[C[C[C[C[C[C[C[C[C[C[C[C[C[C[C[C[C[Cd | awk 'BEGIN {print "Users who logged in on Sunday: "} {print $1} END {print "Kudos to these people for putting in t[1@h[A[A[C[C[C[C[C[C[C[C[C[C[C[C[C[C[C[C[C[C[C[C[C[C[C[C[C[C[C[C[C[C[C[C[C[C[C[C[C[C[C[C[C[C


Users who logged in on Sunday: 
Kudos to these people for putting in the work
bash-4.4$ egrep "Sun" lastf23.fake | uniq -d | awk 'BEGIN {print "Users who loggeed in on Sunday: "} {print $1} END {print "Kudos to these people for putting in tthe work"}'[A[A[C[C[C[C[C[C[C[C[C[C[C[C[C[C[C[C[C[C[C[C[C[C[C[C[C[C[C[C[C[C[C[Cu
[C[C[C[C[C[C[C[C[C[C[C[C[C[C[C[C[C[C[C[C[C[C[C[C[C[C} END {print "Kudos to these people for putting in the [3Pwork"}'[A[C[C[C[C[C[C[C[C[C[C[C[C[C[C[C[C[C[C[C[C[C[C[C[C[C[C[C[C[C[C[C[C[C[C[C[C[C[C[C[C[C[C[C[C[C[C[C[C[C[C[C[C[C[C[C[C[C[C[C[C[C[C[C[C[C[C[C[C[C[C[C[C[C[C[C[C[C[C[C[A[C[C[C[C[C[C[C[C[C[C[C[C[C[C[C[C[C[C[C[C[C[C[C[C[C[C[C[C[C[C[C[C[C[C[C[C[C[C[C[C[C[C[C[C[C[C[C[C[C[C[C[C[C[C[C[C[C[C[C[C[C[C[C[C[C[C[C[C[C[C[C[C[C[C[C[C[C[C[C[C | awk 'BEGIN {print "Users who logged in on Sunday: "} {print} END {print "Kudos to these people for putting in the w[1Pork"}'[A[A[C[C[C[C[C[C[C[C[C[C[C[C[C[C[C[C[C[C[C[C[C[C[C[C[C[C[C[C[C[C[C[C[C[C[C[Cd | awk 'BEGIN {print "Users who logged in on Sunday: "} {print} END {print "Kudos to these people for putting in the work"}'[A[A[C[C[C[C[C[C[C[C[C[C[C[C[C[C[C[C[C[C[C[C[C[C[C[C[C[C[C[C[C[C[C[C[C[C[C[C


Users who logged in on Sunday: 
Kudos to these people for putting in the work
bash-4.4$ egrep "Sun" lastf23.fake | uniq -d | awk 'BEGIN {print "Users who loggeed in on Sunday: "} {print} END {print "Kudos to these people for putting in the  work"}'[A[C[C[C[C[C[C[C[C[C[C[C[C[C[C[C[C[C[C $1} END {print "Kudos to these people for putting in the work"}'[A[A[C[C[C[C[C[C[C[C[C[C[C[C[C[C[C[C[C[C[C[C[C[C[C[C[C[C[C[C[C[C[C[Cu
[C[C[C[C[C[C[C[C[C[C[C[C[C[C[C[C[C[C[C[C[C[C[C[C[C[C} END {print "Kudos to these people for putting in the [3Pwork"}'[A[C[C[C[C[C[C[C[C[C[C[C[C[C[C[C[C[C[C[C[C[C[C[C[C[C[C[C[C[C[C[C[C[C[C[C[C[C[C[C[C[C[C[C[C[C[C[C[C[C[C[C[C[C[C[C[C[C[C[C[C[C[C[C[C[C[C[C[C[C[C[C[C[C[C[C[C[C[C[C } END {print "Kudos to these people for putting in the work"}'[A[C[C[C[C[C[C[C[C[C[C[C[C[C[C[C[C[C[C$} END {print "Kudos to these people for putting in the work"}'[A[C[C[C[C[C[C[C[C[C[C[C[C[C[C[C[C[C[C1} END {print "Kudos to these people for putting in t[1@h[A[C[C[C[C[C[C[C[C[C[C[C[C[C[C[C[C[C[C[C[C[C[C[C[C[C[C[C

Users who logged in on Sunday: 
jewonf23
saniaf23
saniaf23
saniaf23
jewonf23
jewonf23
jewonf23
jewonf23
saniaf23
tienf23
tienf23
tienf23
tienf23
Kudos to these people for putting in the work
bash-4.4$ egrep "Sun" lastf23.fake | uniq -u | awk 'BEGIN {print "Users who loggeed in on Sunday: "} {print $1} END {print "Kudos to these people for putting in tthe work"}'[A[A[C[C[C[C[C[C[C[C[C[C[C[C[C[C[C[C[C[C[C[C[C[C[C[C[C[C[C[C[C[C[C[Cd
[C[C[C[C[C[C[C[C[C[C[C[C[C[C[C[C[C[C[C[C[C[C[C[C[C[C} END {print "Kudos to these people for putting in the [3Pwork"}'[A[A[C[C[C[C[C[C[C[C[C[C[C[C[C[C[C[C[C[C[C[C[C[C[C[C[C[C[C[C[C[C[C[C[C[C[Cu
[C[C[C[C[C[C[C[C[C[C[C[C[C[C[C[C[C[C[C[C[C[C[C[C[C[C $1} END {print "Kudos to these people for putting in the work"}'[A[A[K
[K
[K[A[A[C[C[C[C[C[C[C[C[C[Cegrep "Sun" lastf23.fake | uniq -D | awk 'BEGIN {print "Users who loggeed in on Sunday: "} {print $1} END {print "Kudos to these people for putting in tthe work"}'
Users who logged in on Sunday: 
Kudos to these people for putting in the work
bash-4.4$ egrep "Sun" lastf23.fake | sort | uniq -D | awk 'BEGIN {print "Users whho logged in on Sunday: "} {print $1} END {print "Kudos to these people for puttiing in the work"}'
Users who logged in on Sunday: 
Kudos to these people for putting in the work
bash-4.4$ egrep "Sun" lastf23.fake | awk '{print $1}' | sort | uniq -d | awk 'BEGGIN {print "Users who logged in on Sunday: "} {print $1} END {print "Kudos to theese people for putting in the work"}'
Users who logged in on Sunday: 
jewonf23
saniaf23
tienf23
Kudos to these people for putting in the work
bash-4.4$ egrep "Sun" lastf23.fake | awk '{print $1}' | sort | uniq -d | awk 'BEGGIN {print "Users who logged in on Sunday: "} {print $1} END {print "Kudos to theese people for putting in the work"}' >> 
bash: syntax error near unexpected token `newline'
bash-4.4$ egrep "Sun" lastf23.fake | awk '{print $1}' | sort | uniq -d | awk 'BEGGIN {print "Users who logged in on Sunday: "} {print $1} END {print "Kudos to theese people for putting in the work"}' >> Assignment3.txt 
bash-4.4$ vi Assignment3.txt 
[?2004h[?1049h[22;0;0t[?1h=[?2004h[1;24r[?12h[?12l[27m[23m[29m[m[H[2J[?25l[24;1H"Assignment3.txt" 27L, 461C[1;1HTask 1:

Commands I used to solve:
1. wc -l lask.fake >> Assignment3.txt
2. awk '/f23/ {print} last.fake >> lastf23.fake
3.
awk '/!f23/ {print}' lastf23.fake | wc -l
wc -l lastf23.fake >> Assignment3.txt

Output of commands:
1. 2162 last.fake
2. No output
3. 239 lastf23.fake

------------------
Task 2:

Commands I used to solve:


Output of commands:

Users who logged in on Sunday:[1;1H[?25h
















[?25l[1;23r[23;1H
[1;24r[23;1Hjewonf23[24;1H[K[18;1H[?25h[?25l[1;23r[23;1H
[1;24r[23;1Hsaniaf23[18;1H[?25h[?25l[1;23r[23;1H
[1;24r[23;1Htienf23[18;1H[?25h[?25l[1;23r[23;1H
[1;24r[23;1HKudos to these people for putting in the work[18;1H[?25h




[22;1H[21;1H[20;1H[19;1H[18;1H[17;1H[16;1H[15;1H[14;1H[13;1H[12;1H[11;1H[10;1H












[22;1H[21;1H[20;1H[19;1H[18;1H[17;1H[16;1H[15;1H[?25l[24;1H[1m-- INSERT --[15;1H[?25h[?25l[megrep "Sun" lastf23.fake | awk '{print $1}' |[?25h[?25l[16;23r[16;1H[L[1;24r[15;47Hsort | uniq -d | awk 'BEGIN {printt[16;1H "Users who logged i[24;11H[1m(paste) --[16;21H[?25h[?25l[mn on Sunday: "} {print $1} END {print "Kudos to these peop[?25h[?25l[17;23r[17;1H[L[1;24r[16;79Hlee[17;1H for putting in the work"}' >>[24;11H[1m--a[m[24;13H[K[17;31H[?25h[?25l[17;30H[K[17;30H[?25h[?25l[17;29H[K[17;29H[?25h[?25l[?25h[27m[23m[29m[m[H[2J[?25l[1;1H2. awk '/f23/ {print} last.fake >> lastf23.fake
3.
awk '/!f23/ {print}' lastf23.fake | wc -l
wc -l lastf23.fake >> Assignment3.txt

Output of commands:
1. 2162 last.fake
2. No output
3. 239 lastf23.fake

------------------
Task 2:

Commands I used to solve:
egrep "Sun" lastf23.fake | awk '{print $1}' | sort | uniq -d | awk 'BEGIN {print "Userss[16;1H who logged in on Sunday: "} {print $1} END {print "Kudos to these people for putting ii[17;1Hn the work"}'

Output of commands:

Users who logged in on Sunday:
jewonf23
saniaf23
[1m-- INSERT --[17;14H[?25h[27m[23m[29m[m[H[2J[?25l[1;1H2. awk '/f23/ {print} last.fake >> lastf23.fake
3.
awk '/!f23/ {print}' lastf23.fake | wc -l
wc -l lastf23.fake >> Assignment3.txt

Output of commands:
1. 2162 last.fake
2. No output
3. 239 lastf23.fake

------------------
Task 2:

Commands I used to solve:
egrep "Sun" lastf23.fake | awk '{print $1}' | sort | uniq -d | awk 'BEGIN {print "Users who  [16;1Hlogged in on Sunday: "} {print $1} END {print "Kudos to these people for putting in the workk[17;1H"}'

Output of commands:

Users who logged in on Sunday:
jewonf23
saniaf23
[1m-- INSERT --[17;4H[?25h[27m[23m[29m[m[H[2J[?25l[1;1H2. awk '/f23/ {print} last.fake >> lastf23.fake
3.
awk '/!f23/ {print}' lastf23.fake | wc -l
wc -l lastf23.fake >> Assignment3.txt

Output of commands:
1. 2162 last.fake
2. No output
3. 239 lastf23.fake

------------------
Task 2:

Commands I used to solve:
egrep "Sun" lastf23.fake | awk '{print $1}' | sort | uniq -d | awk 'BEGIN {print "Users who loo[16;1Hgged in on Sunday: "} {print $1} END {print "Kudos to these people for putting in the work"}'

Output of commands:

Users who logged in on Sunday:
jewonf23
saniaf23
tienf23
[1m-- INSERT --[16;94H[?25h[27m[23m[29m[m[H[2J[?25l[1;1H2. awk '/f23/ {print} last.fake >> lastf23.fake
3.
awk '/!f23/ {print}' lastf23.fake | wc -l
wc -l lastf23.fake >> Assignment3.txt

Output of commands:
1. 2162 last.fake
2. No output
3. 239 lastf23.fake

------------------
Task 2:

Commands I used to solve:
egrep "Sun" lastf23.fake | awk '{print $1}' | sort | uniq -d | awk 'BEGIN {print "Users who logg[16;1Hged in on Sunday: "} {print $1} END {print "Kudos to these people for putting in the work"}'

Output of commands:

Users who logged in on Sunday:
jewonf23
saniaf23
tienf23
[1m-- INSERT --[16;93H[?25h[27m[23m[29m[m[H[2J[?25l[1;1H2. awk '/f23/ {print} last.fake >> lastf23.fake
3.
awk '/!f23/ {print}' lastf23.fake | wc -l
wc -l lastf23.fake >> Assignment3.txt

Output of commands:
1. 2162 last.fake
2. No output
3. 239 lastf23.fake

------------------
Task 2:

Commands I used to solve:
egrep "Sun" lastf23.fake | awk '{print $1}' | sort | uniq -d | awk 'BEGIN {print "Users who loggg[16;1Hed in on Sunday: "} {print $1} END {print "Kudos to these people for putting in the work"}'

Output of commands:

Users who logged in on Sunday:
jewonf23
saniaf23
tienf23
[1m-- INSERT --[16;92H[?25h[27m[23m[29m[m[H[2J[?25l[1;1H2. awk '/f23/ {print} last.fake >> lastf23.fake
3.
awk '/!f23/ {print}' lastf23.fake | wc -l
wc -l lastf23.fake >> Assignment3.txt

Output of commands:
1. 2162 last.fake
2. No output
3. 239 lastf23.fake

------------------
Task 2:

Commands I used to solve:
egrep "Sun" lastf23.fake | awk '{print $1}' | sort | uniq -d | awk 'BEGIN {print "Users who loggee[16;1Hd in on Sunday: "} {print $1} END {print "Kudos to these people for putting in the work"}'

Output of commands:

Users who logged in on Sunday:
jewonf23
saniaf23
tienf23
[1m-- INSERT --[16;91H[?25h
[18;20H[?25l[1;23r[m[23;1H
[1;24r[23;1HKudos to these people for putting in the work[18;1H[?25h[?25l[17;23r[23;1H
[1;24r[17;1HOutput of commands:[23;1H[94m~                                                                                                [17;20H[?25h[16;1H[14;11H[m" lastf23.fake | awk '{print $1}' | sort | uniq -d | awk 'BEGIN {print "U[?25lsers who loggedd[15;1H in on Sunday: "} {print $1} END {print "Kudos to these people for putting in the work"}'[15;90H[K[14;83H[?25h[?25lTsers who loggee[15;1Hd in on Sunday: "} {print $1} END {print "Kudos to these people for putting in the work"}'[14;84H[?25h[?25lhsers who loggg[15;1Hed in on Sunday: "} {print $1} END {print "Kudos to these people for putting in the work"}'[14;85H[?25h[?25lesers who logg[15;1Hged in on Sunday: "} {print $1} END {print "Kudos to these people for putting in the work"}'[14;86H[?25h[?25l sers who loo[15;1Hgged in on Sunday: "} {print $1} END {print "Kudos to these people for putting in the work"}'[14;87H[?25h[?25llsers who ll[15;1Hogged in on Sunday: "} {print $1} END {print "Kudos to these people for putting in the work"}'[14;88H[?25h[?25lisers who  [15;1Hlogged in on Sunday: "} {print $1} END {print "Kudos to these people for putting in the work"}'[14;89H[?25h[?25lssers whoo[15;1H logged in on Sunday: "} {print $1} END {print "Kudos to these people for putting in the work"}'[14;90H[?25h[?25ltsers whh[15;1Ho logged in on Sunday: "} {print $1} END {print "Kudos to these people for putting in the work"}'[14;91H[?25h[?25l[16;23r[16;1H[L[1;24r[14;91H sers ww[15;1Hho logged in on Sunday: "} {print $1} END {print "Kudos to these people for putting in the work"}}[16;1H'[14;92H[?25h[?25losers  [15;1Hwho logged in on Sunday: "} {print $1} END {print "Kudos to these people for putting in the work""[16;1H}'[14;93H[?25h[?25lfserss[15;1H who logged in on Sunday: "} {print $1} END {print "Kudos to these people for putting in the workk[16;1H"}'[14;94H[?25h[?25l serr[15;1Hs who logged in on Sunday: "} {print $1} END {print "Kudos to these people for putting in the worr[16;1Hk"}'[14;95H[?25h[?25lesee[15;1Hrs who logged in on Sunday: "} {print $1} END {print "Kudos to these people for putting in the woo[16;1Hrk"}'[14;96H[?25h[?25lserr[15;1Hs who logged in on Sunday: "} {print $1} END {print "Kudos to these people for putting in the worr[16;1Hk"}'[16;5H[K[14;95H[?25h[?25lpsee[15;1Hrs who logged in on Sunday: "} {print $1} END {print "Kudos to these people for putting in the woo[16;1Hrk"}'[14;96H[?25h[?25less[15;1Hers who logged in on Sunday: "} {print $1} END {print "Kudos to these people for putting in the ww[16;1Hork"}'[14;97H[?25h[?25loo[15;1Hsers who logged in on Sunday: "} {print $1} END {print "Kudos to these people for putting in the  [16;1Hwork"}'[15;1H[?25h[?25lpsers who logged in on Sunday: "} {print $1} END {print "Kudos to these people for putting in thee[16;1H work"}'[15;2H[?25h[?25llsers who logged in on Sunday: "} {print $1} END {print "Kudos to these people for putting in thh[16;1He work"}'[15;3H[?25h[?25lesers who logged in on Sunday: "} {print $1} END {print "Kudos to these people for putting in tt[16;1Hhe work"}'[15;4H[?25h[?25l sers who logged in on Sunday: "} {print $1} END {print "Kudos to these people for putting in  [16;1Hthe work"}'[15;5H[?25h[?25lwsers who logged in on Sunday: "} {print $1} END {print "Kudos to these people for putting inn[16;1H the work"}'[15;6H[?25hser[?25ls who logged in on Sunday: "} {print $1} END {print "Kudos to these people for putting in  [16;1Hthe work"}'[16;12H[K[15;8H[?25h[?25ls who logged in on Sunday: "} {print $1} END {print "Kudos to these people for putting in tt[16;1Hhe work"}'[16;11H[K[15;7H[?25h[?25l who logged in on Sunday: "} {print $1} END {print "Kudos to these people for putting in thh[16;1He work"}'[16;10H[K[15;6H[?25hs[?25l who logged in on Sunday: "} {print $1} END {print "Kudos to these people for putting in thee[16;1H work"}'[16;9H[K[15;6H[?25h[?25l who logged in on Sunday: "} {print $1} END {print "Kudos to these people for putting in the  [16;1Hwork"}'[16;8H[K[15;5H[?25h[?25lwho logged in on Sunday: "} {print $1} END {print "Kudos to these people for putting in the ww[16;1Hork"}'[16;7H[K[15;4H[?25h who logged[?25l in on Sunday: "} {print $1} END {print "Kudos to these people for putting in the woo[16;1Hrk"}'[16;6H[K[15;14H[?25h[?25l in on Sunday: "} {print $1} END {print "Kudos to these people for putting in the worr[16;1Hk"}'[16;5H[K[15;13H[?25h[?25l in on Sunday: "} {print $1} END {print "Kudos to these people for putting in the workk[16;1H"}'[16;4H[K[15;12H[?25h[?25l in on Sunday: "} {print $1} END {print "Kudos to these people for putting in the work""[16;1H}'[16;3H[K[15;11H[?25h[?25l in on Sunday: "} {print $1} END {print "Kudos to these people for putting in the work"}}[16;1H'[16;2H[K[15;10H[?25h[?25l[14;23r[23;1H
[1;24r[14;1Hegrep "Sun" lastf23.fake | awk '{print $1}' | sort | uniq -d | awk 'BEGIN {print "The list of peoo[15;1Hple who  in on Sunday: "} {print $1} END {print "Kudos to these people for putting in the work"}'[23;1H[94m~                                                                                                [15;9H[?25h[?25l[16;23r[m[16;1H[L[1;24r[15;9Hw in on Sunday: "} {print $1} END {print "Kudos to these people for putting in the work"}}[16;1H'[15;10H[?25h[?25lo in on Sunday: "} {print $1} END {print "Kudos to these people for putting in the work""[16;1H}'[15;11H[?25h[?25lr in on Sunday: "} {print $1} END {print "Kudos to these people for putting in the workk[16;1H"}'[15;12H[?25h[?25le in on Sunday: "} {print $1} END {print "Kudos to these people for putting in the worr[16;1Hk"}'[15;13H[?25h[?25l in on Sunday: "} {print $1} END {print "Kudos to these people for putting in the workk[16;1H"}'[16;4H[K[15;12H[?25h[?25l in on Sunday: "} {print $1} END {print "Kudos to these people for putting in the work""[16;1H}'[16;3H[K[15;11H[?25h[?25lr in on Sunday: "} {print $1} END {print "Kudos to these people for putting in the workk[16;1H"}'[15;12H[?25h[?25lk in on Sunday: "} {print $1} END {print "Kudos to these people for putting in the worr[16;1Hk"}'[15;13H[?25h[?25le in on Sunday: "} {print $1} END {print "Kudos to these people for putting in the woo[16;1Hrk"}'[15;14H[?25h[?25ld in on Sunday: "} {print $1} END {print "Kudos to these people for putting in the ww[16;1Hork"}'[15;15H[?25h in [?25lon Sunday: "} {print $1} END {print "Kudos to these people for putting in the woo[16;1Hrk"}'[16;6H[K[15;18H[?25h[?25lon Sunday: "} {print $1} END {print "Kudos to these people for putting in the worr[16;1Hk"}'[16;5H[K[15;17H[?25h[?25lon Sunday: "} {print $1} END {print "Kudos to these people for putting in the workk[16;1H"}'[16;4H[K[15;16H[?25hon Sunday[?25l : "} {print $1} END {print "Kudos to these people for putting in the worr[16;1Hk"}'[15;26H[?25h[?25la: "} {print $1} END {print "Kudos to these people for putting in the woo[16;1Hrk"}'[15;27H[?25h[?25lr: "} {print $1} END {print "Kudos to these people for putting in the ww[16;1Hork"}'[15;28H[?25h[?25le: "} {print $1} END {print "Kudos to these people for putting in the  [16;1Hwork"}'[15;29H[?25h:

[18;20H[19;32H[20;9H[21;9H[22;8H[23;46H[?25l[1;23r[23;1H
[1;24r[23;1H[?25h[?25l[1;23r[23;1H
[1;24r[23;1H[?25h[?25l-[?25h[?25l-[?25h[?25l-[?25h[?25l-[?25h[?25l-[?25h[?25l-[?25h[?25l-[?25h[?25l-[?25h[?25l-[?25h[?25l-[?25h[?25l-[?25h[?25l-[?25h[?25l-[?25h[?25l-[?25h[?25l-[?25h[?25l-[?25h[?25l-[?25h[?25l-[?25h[?25l-[?25h[?25l[1;23r[23;1H
[1;24r[23;1H[?25h[?25lT[?25h[?25la[?25h[?25ls[?25h[?25lk[?25h[?25l [?25h[?25l3[?25h[?25l:[?25h[?25l [?25h[?25l[1;23r[23;1H
[1;24r[23;1H[?25h[?25l[1;23r[23;1H
[1;24r[23;1H[?25h[?25lC[?25h[?25lo[?25h[?25lm[?25h[?25lm[?25h[?25la[?25h[?25ln[?25h[?25ld[?25h[?25ls[?25h[?25l [?25h[?25lI[?25h[?25l [?25h[?25lu[?25h[?25ls[?25h[?25le[?25h[?25ld[?25h[?25l [?25h[?25lt[?25h[?25lo[?25h[?25l [?25h[?25ls[?25h[?25lo[?25h[?25ll[?25h[?25lv[?25h[?25le[?25hsolve[?25l:[?25h[?25l[1;23r[23;1H
[1;24r[23;1H[?25h[?25l[1;23r[23;1H
[1;24r[23;1H[?25h[?25lO[?25h[?25lu[?25h[?25lt[?25h[?25lp[?25h[?25lu[?25h[?25lt[?25h[?25l [?25h[?25lo[?25h[?25lf[?25h[?25l [?25h[?25lc[?25h[?25lo[?25h[?25lm[?25h[?25lm[?25h[?25la[?25h[?25ln[?25h[?25ld[?25h[?25ls[?25h[?25l:[?25h[?25l[1;23r[23;1H
[1;24r[23;1H[?25h[24;1H[K[23;1H[?25l[?25h[?25l
:[?2004h[?25hx[?25l[?2004l"Assignment3.txt" 34L, 740C written
[?2004l[?1l>[?25h[?1049l[23;0;0tbash-4.4$ egrep "Sun" lastf23.fake | awk '{print $1}' | sort | uniq -d | awk 'BEGGIN {print "The list of people who worked on Sunday are: "} {print $1} END {printt "Kudos to these people for putting in the work"}'[K[K[K[K[K[K[K[K[K[K[K[K[K[K[K[K[K[K[K[K[K[K[K[K[K[K[K[K[K[K[K[K[K[K[K[K[K[K[K[K[K[K[K[K[K[K[K[K[K[K[K[A[C[C[C[C[C[C[C[C[C[C[C[C[C[C[C[C[C[C[C[C[C[C[C[C[C[C[C[C[C[C[C[C[C[C[C[C[C[C[C[C[C[C[C[C[C[C[C[C[C[C[C[C[C[C[C[C[C[C[C[C[C[C[C[C[C[C[C[C[C[C[C[C[C[C[C[C[C[C[C[K
[K[A[C[C[C[C[C[C[C[C[C[C[C[C[C[C[C[C[C[C[C[C[C[C[C[C[C[C[C[C[C[C[C[C[C[C[C[C[C[C[C[C[C[C[C[C[C[C[C[C[C[C[C[C[C[C[C[C[C[C[C[C[C[C[C[C[C[C[C[C[C[C[C[C[C[C[C[C[C[C[C[K[K[K[K[K[K[K[K[K[K[K[K[K[K[K[K[K[K[K[K[K[K[K[K[K[K[K[K[K[K[K[K[K[K[K[K[K[K[K[K[K[K[K[K[K[K[K[K[K[K[K[K[K[K[K[K[K[K[K[K[K[K[K[K[K[K[K[K[K[K[K[K[K[K[K[K[K[K[K[A[C[C[C[C[C[C[C[C[C[C[C[C[C[C[C[C[C[C[C[C[C[C[C[C[C[C[C[C[C[C[C[C[C[C[C[C[C[C[C[C[C[C[C[C[C[C[C[C[C[C[C[C[C[C[C[C[C[C[C[C[C[C[C[C[C[C[C[C[C[C[C[C[C[C[C[C[C[C[C[K
[K[A[C[C[C[C[C[C[C[C[C[C[C[C[C[C[C[C[C[C[C[C[C[C[C[C[C[C[C[C[C[C[C[C[C[C[C[C[C[C[C[C[C[C[C[C[C[C[C[C[C[C[C[C[C[C[C[C[C[C[C[C[C[C[C[C[C[C[C[C[C[C[C[C[C[C[C[C[C[C[C[K[K[K[K[K[K
> â‰ˆ[Kbash: syntax error: unexpected end of file
bash-4.4$ egrep "Sun" lastf23.fake | awk '{print $1}' | sort | uniq -d | awk 'BEGGIN {print "Users who logged in on Sunday: "} {print $1} END {print "Kudos to theese people for putting in the work"}'[A[A[C[C[C[C[C[C[C[C[C[C[C[C[C[C[C[C[C[C[C[C[C[C[C[C[C[C[C[C[C[C[C[C[C[C[C[C[K
[K
[K[A[A[C[C[C[C[C[C[C[C[C[C[C[C[C[C[C[C[C[C[C[C[C[C[C[C[C[C[C[C[C[C[C[C[C[C[C[C[C[C[C[C[C[C[C[C[C[C[C[C[C[C[C[C[C[C[C[C[C[C[C[C[C[C[C[C[C[C[C[C[C[C[C[C[C[C[C[C[C[C[C[C[C[C[Cvi Assignment3.txt [K[C[C[C[C[C[C[C[C[C[C[44@egrep "Sun" lastf23.fake | awk '{print $1}' | sort | uniq -d |[Cawk 'BEGGIN {print "Users who logged in on Sunday: "} {print $1} END {print "Kudos to theese people for putting in the work"}'[A[A[C[C[C[C[C[C[C[C[C[C[C[C[C[C[C[C[C[C[C[C[C[C[C[C[C[C[C[C[C[C[C[C[C[C[C[C[K
[K
[K[A[A[C[C[C[C[C[C[C[C[C[C[C[C[C[C[C[C[C[C[C[C[C[C[C[C[C[C[C[C[C[C[C[C[C[C[C[C[C[C[C[C[C[C[C[C[C[C[C[C[C[C[C[C[C[C[C[C[C[C[C[C[C[C[C[C[C[C[C[C[C[C[C[C[Cawk 'BEGGIN {print "Users who logged in on Sunday: "} {print $1} END {print "Kudos to theese people for putting in the work"}'[A[A[C[C[C[C[C[C[C[C[C[C[C[C[C[C[C[C[C[C[C[C[C[C[C[C[C[C[C[C[C[C[C[C[C[C[C[C[K
[K
[K[A[A[C[C[C[C[C[C[C[C[C[C[C[C[C[C[C[C[C[C[C[C[C[C[C[C[C[C[C[C[C[C[C[C[C[C[C[C[C[C[C[C[C[C[C[C[C[C[C[C[C[C[C[C[C[C[C[C[C[C[C[C[C[C[C[C[C[C[C[C[C[C[C[C[Cawk 'BEGGIN {print "Users who logged in on Sunday: "} {print $1} END {print "Kudos to theese people for putting in the work"}'
Users who logged in on Sunday: 
jewonf23
saniaf23
tienf23
Kudos to these people for putting in the work
bash-4.4$ egrep "Sun" lastf23.fake | awk '{print $1}' | sort | uniq -d | awk 'BEGGIN {print "Users who logged in on Sunday: "} {print $1} END {print "Kudos to theese people for putting in the work"}'[A[A[C[C[C[C[C[C[C[C[C[C[C[C[C[C[C[C[C[C[C[C[C[C[C[C[C[C[C[C[C[C[C[C[C[C[C[C[K
[K
[K[A[A[C[C[C[C[C[C[C[C[C[C[C[C[C[C[C[C[C[C[C[C[C[C[C[C[C[C[C[C[C[C[C[C[C[C[C[C[C[C[C[C[C[C[C[C[C[C[C[C[C[C[C[C[C[C[C[C[C[C[C[C[C[C[C[C[C[C[C[C[C[C[C[C[Cawk 'BEGGIN {print "Users who logged in on Sunday: "} {print $1} END {print "Kudos to theese people for putting in the work"}'[A[A[C[C[C[C[C[C[C[C[C[C[K
[K
[K[A[A[C[C[C[C[C[C[C[C[C[C
bash-4.4$ 
bash-4.4$ egrep "Sun" lastf23.fake | awk '{print $1}' | sort | uniq -d | awk 'BEGGIN {print "The list of people who worked on Sunday are:: "} {print $1} END {prinnt "Kudos to these people for putting in the work"}'
The list of people who worked on Sunday are:: 
jewonf23
saniaf23
tienf23
Kudos to these people for putting in the work
bash-4.4$ awk '$7 >=  "23:00" && $7 <= "04:00" {print $1}' lastf23.fake | sort |  uniq -d | awk 'BEGIN {print "Night Owls List: "} {print $1} END {print "Night Owwls are dope. Please ensure you get enough sleep though."}
> '
Night Owls List: 
Night Owls are dope. Please ensure you get enough sleep though.
bash-4.4$ awk '($7 >= "23:00" || $7 <= "04:00") {print $1}' lastf23.fake | sort || uniq -d | awk 'BEGIN {print "Night Owls List: "} {print $1} END {print "Night OOwls are dope. Please ensure you get enough sleep though."}'
Night Owls List: 
aaronf23
anasf23
divijf23
hamzaf23
jamesf23
junf23
kobef23
maximf23
rahulf23
rikkif23
saniaf23
thif23
tienf23
Night Owls are dope. Please ensure you get enough sleep though.
bash-4.4$ awk '($7 >= "23:00" || $7 <= "04:00") {print $1}' lastf23.fake | sort || uniq -d | awk 'BEGIN {print "Night Owls List: "} {print $1} END {print "Night OOwls are dope. Please ensure you get enough sleep though."}'>>[K[K[K[K[K[K[K[K[K[K[K[K[K[K[K[K[K[K[K[K[K[K[K[K[K[K[K[K[K[K[K[K[K[K[K[K[K[K[K[K[K[K[K[K[K[K[K[K[K[K[K[K[K[K[K[K[K[K[K[K[K[K[A[C[C[C[C[C[C[C[C[C[C[C[C[C[C[C[C[C[C[C[C[C[C[C[C[C[C[C[C[C[C[C[C[C[C[C[C[C[C[C[C[C[C[C[C[C[C[C[C[C[C[C[C[C[C[C[C[C[C[C[C[C[C[C[C[C[C[C[C[C[C[C[C[C[C[C[C[C[C[C[K
[K[A[C[C[C[C[C[C[C[C[C[C[C[C[C[C[C[C[C[C[C[C[C[C[C[C[C[C[C[C[C[C[C[C[C[C[C[C[C[C[C[C[C[C[C[C[C[C[C[C[C[C[C[C[C[C[C[C[C[C[C[C[C[C[C[C[C[C[C[C[C[C[C[C[C[C[C[C[C[C[C[K[K[K[K[K[K[K[K[K[K[K[K[K[K[K[K[K[K[K[K[K[K[K[K[K[K[K[K[K[K[K[K[K[K[K[K[K[K[K[K[K[K[K[K[K[K[K[K[K[K[K[K[K[K[K[K[K[K[K[K[K[K[K[K[K[K[K[K[K[K[K[K[K[K[K[K[K[K[K[A[C[C[C[C[C[C[C[C[C[C[C[C[C[C[C[C[C[C[C[C[C[C[C[C[C[C[C[C[C[C[C[C[C[C[C[C[C[C[C[C[C[C[C[C[C[C[C[C[C[C[C[C[C[C[C[C[C[C[C[C[C[C[C[C[C[C[C[C[C[C[C[C[C[C[C[C[C[C[C[K
[K[A[C[C[C[C[C[C[C[C[C[C[C[C[C[C[C[C[C[C[C[C[C[C[C[C[C[C[C[C[C[C[C[C[C[C[C[C[C[C[C[C[C[C[C[C[C[C[C[C[C[C[C[C[C[C[C[C[C[C[C[C[C[C[C[C[C[C[C[C[C[C[C[C[C[C[C[C[C[C[C[K[K[K[K[K[K[K[K[K[K[K[K[K[K[K[K[K[K[K[K[K[K[K[K[K[K[K[K[K[K[K[K[K[K[K[K[K[K[K[K[K[K[K[K[K[K[K[K[K[K[K[K[K[K[K[K[K[K[K[K[K[K[K[K[K[K[K[K[K
bash-4.4$ 
bash-4.4$ 
bash-4.4$ 
bash-4.4$ 
bash-4.4$ exit
exit

Script done on 2023-11-02 20:57:36-04:00
Script started on 2023-11-02 20:57:45-04:00
bash-4.4$ awk '($7 >= "23:00" || $7 <= "04:00") {print $1}' lastf23.fake | sort | uniq -d | awk 'BBEGIN {print "Night Owls List: "} {print $1} END {print "Night Owls are dope. Please ensure you geet enough sleep though."}' >> Assignment3.txt 
bash-4.4$ vi Assignment3.txt 
[?2004h[?1049h[22;0;0t[?1h=[?2004h[1;24r[?12h[?12l[27m[23m[29m[m[H[2J[?25l[24;1H"Assignment3.txt" 49L, 932C[1;1HTask 1:

Commands I used to solve:
1. wc -l lask.fake >> Assignment3.txt
2. awk '/f23/ {print} last.fake >> lastf23.fake
3.
awk '/!f23/ {print}' lastf23.fake | wc -l
wc -l lastf23.fake >> Assignment3.txt

Output of commands:
1. 2162 last.fake
2. No output
3. 239 lastf23.fake

------------------
Task 2:

Commands I used to solve:
egrep "Sun" lastf23.fake | awk '{print $1}' | sort | uniq -d | awk 'BEGIN {print "The list of peoo[20;1Hple who worked on Sunday are: "} {print $1} END {print "Kudos to these people for putting in the  [21;1Hwork"}'

Output of commands:[1;1H[?25h
















[?25l[1;23r[1;1H[3M[1;24r[21;1HUsers who logged in on Sunday:
jewonf23
saniaf23[24;1H[K[16;1H[?25h[?25l[1;23r[23;1H
[1;24r[23;1Htienf23[18;1H[?25h[?25l[1;23r[23;1H
[1;24r[23;1HKudos to these people for putting in the work[18;1H[?25h[?25l[1;23r[23;1H
[1;24r[18;1H[?25h[?25l[1;23r[23;1H
[1;24r[23;1H-------------------[18;1H[?25h[?25l[1;23r[23;1H
[1;24r[23;1HTask 3:[18;1H[?25h[?25l[1;23r[23;1H
[1;24r[18;1H[?25h[?25l[1;23r[23;1H
[1;24r[23;1HCommands I used to solve:[18;1H[?25h[?25l[1;23r[23;1H
[1;24r[18;1H[?25h[?25l[1;23r[23;1H
[1;24r[23;1HOutput of commands:[18;1H[?25h[?25l[1;23r[23;1H
[1;24r[18;1H[?25h[?25l[1;23r[23;1H
[1;24r[23;1HNight Owls List:[18;1H[?25h[?25l[1;23r[23;1H
[1;24r[23;1Haaronf23[18;1H[?25h[?25l[1;23r[23;1H
[1;24r[23;1Hanasf23[18;1H[?25h[?25l[1;23r[23;1H
[1;24r[23;1Hdivijf23[18;1H[?25h[?25l[1;23r[23;1H
[1;24r[23;1Hhamzaf23[18;1H[?25h[?25l[1;23r[1;1H[3M[1;24r[21;1Hjamesf23
junf23
kobef23[16;1H[?25h

[?25l[1;23r[23;1H
[1;24r[23;1Hmaximf23[18;1H[?25h[?25l[1;23r[23;1H
[1;24r[23;1Hrahulf23[18;1H[?25h[?25l[1;23r[23;1H
[1;24r[23;1Hrikkif23[18;1H[?25h[?25l[1;23r[23;1H
[1;24r[23;1Hsaniaf23[18;1H[?25h[?25l[1;23r[23;1H
[1;24r[23;1Hthif23[18;1H[?25h[?25l[1;23r[23;1H
[1;24r[23;1Htienf23[18;1H[?25h[?25l[1;23r[23;1H
[1;24r[23;1HNight Owls are dope. Please ensure you get enough sleep though.[18;1H[?25h




[22;1H[21;1H[20;1H[19;1H[18;1H[17;1H[16;1H[15;1H[14;1H[13;1H[12;1H[11;1H[10;1H[9;1H[8;1H[7;1H[6;1H[?25l[24;1H[1m-- INSERT --[6;1H[?25h[?25l[mawk '($7 >= "23:00" || $7 <= "04:00") {print $1[?25h[?25l[7;23r[7;1H[L[1;24r[6;48H}' lastf23.fake | sort | uniq -d | awk 'BEGIN {prii[7;1Hnt "Nig[24;11H[1m(paste) --[7;8H[?25h[?25l[mht Owls List: "} {print $1} END {print "Night Owls are dope[?25h[?25l[8;23r[8;1H[L[1;24r[7;67H. Please ensure you get enough  [8;1Hsleep though."}'[24;11H[1m--a[m[24;13H[K[8;17H[?25h[?25l[9;23r[9;1H[L[1;24r[9;1H[?25h

[?25l[10;23r[23;1H
[1;24r[10;1HOutput of commands:[23;1Hthif23[10;20H[?25h[9;1H[6;20H[?25l[1;23r[1;1H[L[1;24r[1;1HKudos to these people for putting in the work[6;20H[?25h[?25l[1;23r[1;1H[L[1;24r[1;1Htienf23[6;1H[?25h[?25l[1;23r[1;1H[L[1;24r[1;1Hsaniaf23[6;9H[?25h[?25l[1;23r[1;1H[L[1;24r[1;1Hjewonf23[6;20H[?25h[?25l[1;23r[1;1H[L[1;24r[1;1HUsers who logged in on Sunday:[6;1H[?25h[?25l[1;23r[1;1H[L[1;24r[1;1HOutput of commands:[6;20H[?25h[?25l[1;23r[1;1H[L[1;24r[6;8H[?25h[?25l[1;23r[1;1H[3L[1;24r[1;1Hegrep "Sun" lastf23.fake | awk '{print $1}' | sort | uniq -d | awk 'BEGIN {print "The list of peoo[2;1Hple who worked on Sunday are: "} {print $1} END {print "Kudos to these people for putting in the  [3;1Hwork"}'[8;9H[?25h[7;9H[6;20H[?25l[1;23r[1;1H[L[1;24r[1;1HCommands I used to solve:[6;20H[?25h[?25l[1;23r[1;1H[L[1;24r[6;1H[?25h[?25l[1;23r[1;1H[3L[1;24r[2;1H------------------
Task 2:[6;20H[?25h[?25l[1;23r[1;1H[L[1;24r[1;1H3. 239 lastf23.fake[23;1H[94m@@@                                                                                              [6;20H[?25h[?25l[1;23r[m[1;1H[L[1;24r[1;1H2. No output[23;1H[94m@@@                                                                                              [6;1H[?25h[?25l[1;23r[m[1;1H[3L[1;24r[2;1HOutput of commands:
1. 2162 last.fake


[?25h[7;19H[8;8H
[10;20H[11;20H


[15;20H[17;9H[?25l[1;23r[23;1H
[1;24r[18;8H[?25h[?25l[1;23r[1;1H[4M[1;24r[20;1HCommands I used to solve:
awk '($7 >= "23:00" || $7 <= "04:00") {print $1}' lastf23.fake | sort | uniq -d | awk 'BEGIN {prii[22;1Hnt "Night Owls List: "} {print $1} END {print "Night Owls are dope. Please ensure you get enough  [23;1Hsleep though."}'[17;20H[1;23r[1;1H[5M[1;24r[20;1HOutput of commands:
Night Owls List:
aaronf23
anasf23[16;20H[?25h[?25l[1;23r[1;1H[3M[1;24r[21;1Hdivijf23
hamzaf23
jamesf23[18;18H[?25h[?25l[1;23r[23;1H
[1;24r[23;1Hjunf23[18;9H[?25h[?25l[1;23r[23;1H
[1;24r[23;1Hkobef23[18;8H[?25h[?25l[1;23r[1;1H[2M[1;24r[22;1Hmaximf23
rahulf23[18;9H[?25h[?25l[1;23r[23;1H
[1;24r[23;1Hrikkif23[18;9H[?25h[?25l[1;23r[23;1H
[1;24r[23;1Hsaniaf23[18;7H[?25h[?25l[1;23r[23;1H
[1;24r[23;1Hthif23[18;8H[?25h[?25l[1;23r[23;1H
[1;24r[23;1Htienf23[18;9H[?25h[?25l[1;23r[23;1H
[1;24r[23;1HNight Owls are dope. Please ensure you get enough sleep though.[19;9H[?25h[20;9H[23;20H. Please ensure you get enough sleep though.[?25l[1;23r[23;1H
[1;24r[23;1H[?25h[?25l[1;23r[23;1H
[1;24r[23;1H[?25h[?25l[94m~                                                                                                [22;1H[?25h[?25l[m-[?25h[?25l-[?25h[?25l-[?25h[?25l-[?25h[?25l-[?25h[?25l-[?25h[?25l-[?25h[?25l-[?25h[?25l-[?25h[?25l-[?25h[?25l-[?25h[?25l-[?25h[?25l-[?25h[?25l-[?25h[?25l-[?25h[?25l-[?25h[?25l-[?25h[?25l-[?25h[?25l-[?25h[?25l-[?25h[?25l-[?25h[?25l-[?25h[?25l-[?25h[?25l-[?25h[?25l-[?25h[?25l-[?25h[?25l-[?25h[?25l-[?25h[?25l-[?25h[?25l-[?25h[?25l-[?25h[21;32H[20;8H[19;7H[17;9H[16;9H[15;9H[14;8H[13;7H[11;9H[10;9H[9;8H[8;9H[?25l[1;23r[1;1H[L[1;24r[6;1H[?25h[?25l[1;23r[1;1H[4L[1;24r[1;1HKudos to these people for putting in the work

-------------------
Task 3:[6;26H[?25h[?25l[1;23r[1;1H[3L[1;24r[1;1Hjewonf23
saniaf23
tienf23[6;20H[?25h[?25l[1;23r[1;1H[2L[1;24r[1;1HOutput of commands:
Users who logged in on Sunday:[6;32H[?25h[?25l[1;23r[1;1H[4L[1;24r[1;1Hegrep "Sun" lastf23.fake | awk '{print $1}' | sort | uniq -d | awk 'BEGIN {print "The list of peoo[2;1Hple who worked on Sunday are: "} {print $1} END {print "Kudos to these people for putting in the  [3;1Hwork"}'[8;9H[?25h[7;9H[6;32H[?25l[1;23r[1;1H[2L[1;24r[2;1HCommands I used to solve:[6;1H[?25h[?25l[1;23r[1;1H[3L[1;24r[2;1H------------------
Task 2:[6;32H[?25h


[12;9H[18;9H[?25l[1;23r[1;1H[11M[1;24r[14;1HOutput of commands:
Night Owls List:
aaronf23
anasf23
divijf23
hamzaf23
jamesf23
junf23
kobef23
maximf23[18;9H[?25h[?25l[1;23r[23;1H
[1;24r[23;1Hrahulf23[18;9H[?25h[?25l[1;23r[1;1H[6M[1;24r[18;1Hrikkif23
saniaf23
thif23
tienf23
Night Owls are dope. Please ensure you get enough sleep though.
-------------------------------[20;7H[?25h[22;32H[23;32H[?25l[1;23r[23;1H
[1;24r[22;1H[K[23;1H-------------------------------[?25h-------------------------------[?25l[1;23r[23;1H
[1;24r[23;1H[?25h[?25lT[?25h[?25la[?25h[?25ls[?25h[?25lk[?25h[?25l [?25h[?25l4[?25h[?25l:[?25h[?25l [?25h[?25l[1;23r[1;1H[3M[1;24r[22;1H[94m~                                                                                                [23;1H~                                                                                                [21;1H[?25h[?25l[m[22;1H[K[22;1H[?25h[?25lC[?25h[?25lo[?25h[?25lm[?25h[?25lm[?25h[?25ls[?25h[?25ln[?25h[?25ld[?25h[?25l[22;7H[K[22;7H[?25h[?25l[22;6H[K[22;6H[?25h[?25l[22;5H[K[22;5H[?25h[?25la[?25h[?25ln[?25h[?25ls[?25h[?25l[22;7H[K[22;7H[?25h[?25ld[?25h[?25ls[?25h[?25l [?25h[?25lI[?25h[?25l [?25h[?25lu[?25h[?25ls[?25h[?25le[?25h[?25ld[?25h[?25l [?25h[?25lt[?25h[?25lo[?25h[?25l [?25h[?25ls[?25h[?25lo[?25h[?25ll[?25h[?25lv[?25h[?25le[?25h[?25l:[?25h[?25l[23;1H[K[23;1H[?25h[?25l[1;23r[23;1H
[1;24r[23;1H[?25h[?25l[1;23r[23;1H
[1;24r[23;1H[?25h[?25lO[?25h[?25lu[?25h[?25lt[?25h[?25lp[?25h[?25lu[?25h[?25lt[?25h[?25l [?25h[?25lo[?25h[?25lf[?25h[?25l [?25h[?25lc[?25h[?25lo[?25h[?25lm[?25h[?25lm[?25h[?25la[?25h[?25ln[?25h[?25ld[?25h[?25ls[?25h[?25l:[?25h[?25l[1;23r[23;1H
[1;24r[23;1H[?25h[?25l[94m~                                                                                                [22;20H[?25h[?25l[m[23;1H[K[23;1H[?25h[?25l:[?25h[?25l[23;1H[K[23;1H[?25h[24;1H[K[23;1H[?25l[?25h[?25l
:[?2004h[?25hx[?25l[?2004l"Assignment3.txt" 58L, 1234C written
[?2004l[?1l>[?25h[?1049l[23;0;0tbash-4.4$ awk '($7 >= "5:00" || $7 <= "09:00") {print $1}' lastf23.fake | sort | uniq -d | awk 'BEEGIN {print "Night Owls List: "} {print $1} END {print "Night Owls are dope. Please ensure you gett enough sleep though."}'
Night Owls List: 
aaronf23
anasf23
divijf23
hamzaf23
hof23
jamesf23
junf23
kobef23
maximf23
rahulf23
rikkif23
saniaf23
thif23
tienf23
Night Owls are dope. Please ensure you get enough sleep though.
bash-4.4$ awk '($7 >= "05:00" || $7 <= "09:00") {print $1}' lastf23.fake | sort | uniq -d | awk 'BBEGIN {print "Early Birds List: "} {print $1} END {print "Early Birds are dope. Please ensure you  get enough sleep though."}'
Early Birds List: 
aaronf23
anasf23
divijf23
hamzaf23
hof23
jamesf23
jewonf23
junf23
kobef23
maximf23
rahulf23
rikkif23
saniaf23
thif23
tienf23
Early Birds are dope. Please ensure you get enough sleep though.
bash-4.4$ awk '$7 >= "05:00" && $7 <= "09:00"' {print $1}' lastf23.fake | sort | uniq -d | awk 'BEEGIN {print "Early Birds List: "} {print $1} END {print "Early Birds are dope. Please ensure you gget enough sleep though."}'
> '
awk: fatal: cannot open file `{print' for reading (No such file or directory)
bash-4.4$ awk '$7 >= "05:00" && $7 <= "09:00" {print $1}' lastf23.fake | sort | uniq -d | awk 'BEGGIN {print "Early Birds List: "} {print} END {print "Early Birds are dope. Please ensure you get eenough sleep though."}'
Early Birds List: 
hamzaf23
thif23
Early Birds are dope. Please ensure you get enough sleep though.
bash-4.4$ awk '$7 >= "05:00" && $7 <= "09:00" {print $1}' lastf23.fake | sort | uniq -d -u | awk ''BEGIN {print "Early Birds List: "} {print} END {print "Early Birds are dope. Please ensure you geet enough sleep though."}'
Early Birds List: 
Early Birds are dope. Please ensure you get enough sleep though.
bash-4.4$ awk '$7 >= "05:00" && $7 <= "09:00"' {print $1}' lastf23.fake | sort | uniq -d | awk 'BEEGIN {print "Early Birds List: "} {print $1} END {print "Early Birds are dope. Please ensure you gget enough sleep though."}'
> 
> âˆ‚[Kâ‰ˆ[Kbash: unexpected EOF while looking for matching `''
bash: syntax error: unexpected end of file
bash-4.4$ awk '$7 >= "05:00" && $7 <= "09:00" {print $1}' lastf23.fake | sort | uniq -d | awk 'BEGGIN {print "Early Birds List: "} {print} END {print "Early Birds are dope. Please ensure you get eenough sleep though."}'
Early Birds List: 
hamzaf23
thif23
Early Birds are dope. Please ensure you get enough sleep though.
bash-4.4$ awk '$7 >= "05:00" && $7 <= "09:00" {print $1}' lastf23.fake | sort | uniq -d -u | awk ''BEGIN {print "Early Birds List: "} {print} END {print "Early Birds are dope. Please ensure you geet enough sleep though."}'
Early Birds List: 
Early Birds are dope. Please ensure you get enough sleep though.
bash-4.4$ awk '$7 >= "05:00" && $7 <= "09:00" {print $1}' lastf23.fake | sort | uniq  -u | awk 'BEEGIN {print "Early Birds List: "} {print} END {print "Early Birds are dope. Please ensure you get  enough sleep though."}'
Early Birds List: 
hof23
saniaf23
tienf23
Early Birds are dope. Please ensure you get enough sleep though.
bash-4.4$ awk '$7 >= "05:00" && $7 <= "09:00" {print $1}' lastf23.fake | sort | uniq -d -u | awk ''BEGIN {print "Early Birds List: "} {print} END {print "Early Birds are dope. Please ensure you geet enough sleep though."}'
Early Birds List: 
Early Birds are dope. Please ensure you get enough sleep though.
bash-4.4$ awk '$7 >= "05:00" && $7 <= "09:00" {print $1}' lastf23.fake | sort | uniq -d | uniq  -uu | awk 'BEGIN {print "Early Birds List: "} {print} END {print "Early Birds are dope. Please ensurre you get enough sleep though."}'
Early Birds List: 
hamzaf23
thif23
Early Birds are dope. Please ensure you get enough sleep though.
bash-4.4$ awk '$7 >= "05:00" && $7 <= "09:00" {print $1}' lastf23.fake | awk 'BEGIN {print "Early  Birds List: "} {count[$0]++} END {for (line in count) if (count[line] == 1) print line; print "Eaarly Birds are dope. Please ensure you get enough sleep though."}'
Early Birds List: 
saniaf23
hof23
tienf23
Early Birds are dope. Please ensure you get enough sleep though.
bash-4.4$ awk '$7 >= "05:00" && $7 <= "09:00" && !names[$1]++ {list = list $1 ORS} END {if (list)  print "Early Birds List:" list "Early Birds are dope. Please ensure you get enough sleep though.""}' lastf23.fake
Early Birds List:hamzaf23
hof23
thif23
saniaf23
tienf23
Early Birds are dope. Please ensure you get enough sleep though.
bash-4.4$ awk '$7 >= "05:00" && $7 <= "09:00" && !names[$1]++ {list = list $1 ORS} END {if (list)  print "Early Birds List:" list "Early Birds are dope. Please ensure you get enough sleep though.""}' lastf23.fake[A[C[C[C[C[C[C[C[C[C[C[C[C[C[C[C[C[C[C[C[C[C[C[C[C[C[C[C[C[C[C[C[C[C[C[C[C[C[C[C[C[C[C[C[C[C[C[C[C[C[C[C[C[C[C[C[C[C[C[C[C[C[C[C[C[C[C[C[C[C[C[C[C[C[C[C[C[C[C[C[C[C[C[C[C[C[C[C[C[C[C[C[C[C[C[C[C[C " list "Early Birds are dope. Please ensure you get enough sleep though.[1@"[A[C[C[C[C[C[C[C[C[C[C[C[C[C[C[C[C[C[C[C[C[C[C[C[C\" list "Early Birds are dope. Please ensure you get enough sleep though[1@.[A[C[C[C[C[C[C[C[C[C[C[C[C[C[C[C[C[C[C[C[C[C[C[C[C[Cn" list "Early Birds are dope. Please ensure you get enough sleep thoug[1@h[A[C[C[C[C[C[C[C[C[C[C[C[C[C[C[C[C[C[C[C[C[C[C[C[C[C[C

Early Birds List: 
hamzaf23
hof23
thif23
saniaf23
tienf23
Early Birds are dope. Please ensure you get enough sleep though.
bash-4.4$ awk '$7 >= "05:00" && $7 <= "09:00" && !names[$1]++ {list = list $1 ORS} END {if (list)  print "Early Birds List: \n" list "Early Birds are dope. Please ensure you get enough sleep thouggh."}' lastf23.fake >> Assignment3.txt 
bash-4.4$ vi Assignment3.txt 
[?2004h[?1049h[22;0;0t[?1h=[?2004h[1;24r[?12h[?12l[27m[23m[29m[m[H[2J[?25l[24;1H"Assignment3.txt" 65L, 1357C[1;1HTask 1:

Commands I used to solve:
1. wc -l lask.fake >> Assignment3.txt
2. awk '/f23/ {print} last.fake >> lastf23.fake
3.
awk '/!f23/ {print}' lastf23.fake | wc -l
wc -l lastf23.fake >> Assignment3.txt

Output of commands:
1. 2162 last.fake
2. No output
3. 239 lastf23.fake

------------------
Task 2:

Commands I used to solve:
egrep "Sun" lastf23.fake | awk '{print $1}' | sort | uniq -d | awk 'BEGIN {print "The list of peoo[20;1Hple who worked on Sunday are: "} {print $1} END {print "Kudos to these people for putting in the  [21;1Hwork"}'

Output of commands:[1;1H[?25h
















[?25l[1;23r[1;1H[3M[1;24r[21;1HUsers who logged in on Sunday:
jewonf23
saniaf23[24;1H[K[16;1H[?25h[?25l[1;23r[23;1H
[1;24r[23;1Htienf23[18;1H[?25h[?25l[1;23r[23;1H
[1;24r[23;1HKudos to these people for putting in the work[18;1H[?25h[?25l[1;23r[23;1H
[1;24r[18;1H[?25h[?25l[1;23r[23;1H
[1;24r[23;1H-------------------[18;1H[?25h[?25l[1;23r[23;1H
[1;24r[23;1HTask 3:[18;1H[?25h[?25l[1;23r[23;1H
[1;24r[18;1H[?25h[?25l[1;23r[23;1H
[1;24r[23;1HCommands I used to solve:[18;1H[?25h[?25l[1;23r[1;1H[3M[1;24r[21;1Hawk '($7 >= "23:00" || $7 <= "04:00") {print $1}' lastf23.fake | sort | uniq -d | awk 'BEGIN {prii[22;1Hnt "Night Owls List: "} {print $1} END {print "Night Owls are dope. Please ensure you get enough  [23;1Hsleep though."}'[16;1H[?25h

[?25l[1;23r[23;1H
[1;24r[18;1H[?25h[?25l[1;23r[23;1H
[1;24r[23;1HOutput of commands:[18;1H[?25h[?25l[1;23r[1;1H[3M[1;24r[21;1HNight Owls List:
aaronf23
anasf23[16;1H[?25h[?25l[1;23r[1;1H[3M[1;24r[21;1Hdivijf23
hamzaf23
jamesf23[16;1H[?25h

[?25l[1;23r[23;1H
[1;24r[23;1Hjunf23[18;1H[?25h[?25l[1;23r[23;1H
[1;24r[23;1Hkobef23[18;1H[?25h[?25l[1;23r[23;1H
[1;24r[23;1Hmaximf23[18;1H[?25h[?25l[1;23r[23;1H
[1;24r[23;1Hrahulf23[18;1H[?25h[?25l[1;23r[23;1H
[1;24r[23;1Hrikkif23[18;1H[?25h[?25l[1;23r[23;1H
[1;24r[23;1Hsaniaf23[18;1H[?25h[?25l[1;23r[23;1H
[1;24r[23;1Hthif23[18;1H[?25h[?25l[1;23r[23;1H
[1;24r[23;1Htienf23[18;1H[?25h[?25l[1;23r[23;1H
[1;24r[23;1HNight Owls are dope. Please ensure you get enough sleep though.[18;1H[?25h[?25l[1;23r[23;1H
[1;24r[18;1H[?25h[?25l[1;23r[23;1H
[1;24r[23;1H-------------------------------[18;1H[?25h[?25l[1;23r[23;1H
[1;24r[23;1HTask 4:[18;1H[?25h[?25l[1;23r[1;1H[3M[1;24r[22;1HCommands I used to solve:[16;1H[?25h

[?25l[1;23r[23;1H
[1;24r[18;1H[?25h[?25l[1;23r[23;1H
[1;24r[23;1HOutput of commands:[18;1H[?25h[?25l[1;23r[23;1H
[1;24r[18;1H[?25h[?25l[1;23r[23;1H
[1;24r[23;1HEarly Birds List:[18;1H[?25h[?25l[1;23r[23;1H
[1;24r[23;1Hhamzaf23[18;1H[?25h[?25l[1;23r[23;1H
[1;24r[23;1Hhof23[18;1H[?25h[?25l[1;23r[23;1H
[1;24r[23;1Hthif23[18;1H[?25h[?25l[1;23r[23;1H
[1;24r[23;1Hsaniaf23[18;1H[?25h[?25l[1;23r[23;1H
[1;24r[23;1Htienf23[18;1H[?25h[?25l[1;23r[23;1H
[1;24r[23;1HEarly Birds are dope. Please ensure you get enough sleep though.[18;1H[?25h




[22;1H[21;1H[20;1H[19;1H[18;1H[17;1H[16;1H[15;1H[14;1H[13;1H[?25l[24;1H[1m-- INSERT --[m[13;1Hawk '$7 >= "05:00" && $7 <= "09:00" && !names[$1][?25h[?25l[14;23r[14;1H[L[1;24r[13;50H++ {list = list $1 ORS} END {if (list) print "Eaa[14;1Hrly Birds[24;11H[1m(paste) --[14;10H[?25h[?25l[m List: \n" list "Early Birds are dope. Please ensure you ge[?25h[?25l[15;23r[15;1H[L[1;24r[14;69Ht enough sleep though."}' lass[15;1Htf23.fake >> Assignment3.txt[?25h[?25l[24;1H[K[15;28H[?25h
[17;19H
[17;19H
[?25l[18;23r[23;1H
[1;24r[23;1Htienf23[18;1H[?25h[?25l[1;23r[23;1H
[1;24r[23;1HEarly Birds are dope. Please ensure you get enough sleep though.[18;1H[?25h




Early Birds are dope. Please ensure you get enough sleep though[22;7H[21;8H[20;6H[19;5H[18;8H[17;18H[16;19H[15;1H[12;64H[11;25H[10;1H[9;8H[8;31H[7;1H[6;63H[?25l[1;23r[1;1H[L[1;24r[1;1Hmaximf23[6;7H[?25h[?25l[1;23r[1;1H[L[1;24r[1;1Hkobef23[6;6H[?25h[?25l[1;23r[1;1H[L[1;24r[1;1Hjunf23[6;8H[?25h[?25l[1;23r[1;1H[L[1;24r[1;1Hjamesf23[6;8H[?25h[?25l[1;23r[1;1H[L[1;24r[1;1Hhamzaf23[6;8H[?25h[?25l[1;23r[1;1H[L[1;24r[1;1Hdivijf23[6;8H[?25h[?25l[1;23r[1;1H[L[1;24r[1;1Hanasf23[6;7H[?25h[?25l[1;23r[1;1H[L[1;24r[1;1Haaronf23[6;6H[?25h[?25l[1;23r[1;1H[L[1;24r[1;1HNight Owls List:[6;8H[?25h[?25l[1;23r[1;1H[L[1;24r[1;1HOutput of commands:[23;1H[94m@@@                                                                                              [6;8H[?25h[?25l[1;23r[m[1;1H[L[1;24r[23;1H[94m@@@                                                                                              [6;8H[?25h[?25l[1;23r[m[1;1H[3L[1;24r[1;1Hawk '($7 >= "23:00" || $7 <= "04:00") {print $1}' lastf23.fake | sort | uniq -d | awk 'BEGIN {prii[2;1Hnt "Night Owls List: "} {print $1} END {print "Night Owls are dope. Please ensure you get enough  [3;1Hsleep though."}'[8;7H[?25h[7;8H[6;17H[?25l[1;23r[1;1H[L[1;24r[1;1HCommands I used to solve:[6;19H[?25h[?25l[1;23r[1;1H[L[1;24r[6;1H[?25h[?25l[1;23r[1;1H[3L[1;24r[2;1H-------------------
Task 3:[6;64H[?25h[?25l[1;23r[1;1H[L[1;24r[1;1HKudos to these people for putting in the work[6;25H[?25h[?25l[1;23r[1;1H[L[1;24r[1;1Htienf23[6;1H[?25h[?25l[1;23r[1;1H[L[1;24r[1;1Hsaniaf23[6;8H[?25h[?25l[1;23r[1;1H[L[1;24r[1;1Hjewonf23[6;19H[?25h[?25l[1;23r[1;1H[L[1;24r[1;1HUsers who logged in on Sunday:[6;1H[?25h[?25l[1;23r[1;1H[L[1;24r[1;1HOutput of commands:[6;45H[?25h[?25l[1;23r[1;1H[L[1;24r[6;7H[?25h[?25l[1;23r[1;1H[3L[1;24r[1;1Hegrep "Sun" lastf23.fake | awk '{print $1}' | sort | uniq -d | awk 'BEGIN {print "The list of peoo[2;1Hple who worked on Sunday are: "} {print $1} END {print "Kudos to these people for putting in the  [3;1Hwork"}'[8;8H[?25h[7;8H[6;31H[?25l[1;23r[1;1H[L[1;24r[1;1HCommands I used to solve:[6;19H[?25h[?25l[1;23r[1;1H[L[1;24r[6;1H[?25h[?25l[1;23r[1;1H[3L[1;24r[2;1H------------------
Task 2:[6;64H[?25h[?25l[1;23r[1;1H[L[1;24r[1;1H3. 239 lastf23.fake[23;1H[94m@@@                                                                                              [6;26H[?25h[?25l[1;23r[m[1;1H[L[1;24r[1;1H2. No output[23;1H[94m@@@                                                                                              [6;1H[?25h[?25l[1;23r[m[1;1H[L[1;24r[1;1H1. 2162 last.fake[6;7H[?25h[?25l[1;23r[1;1H[L[1;24r[1;1HOutput of commands:[6;18H[?25h[?25l[1;23r[1;1H[L[1;24r[6;1H[?25h[?25l[1;23r[1;1H[L[1;24r[1;1Hwc -l lastf23.fake >> Assignment3.txt[6;19H[?25h[?25l[1;23r[1;1H[L[1;24r[1;1Hawk '/!f23/ {print}' lastf23.fake | wc -l[6;12H[?25h[?25l[1;23r[1;1H[L[1;24r[1;1H3.[6;17H[?25h[?25l[1;23r[1;1H[L[1;24r[1;1H2. awk '/f23/ {print} last.fake >> lastf23.fake[6;19H[?25h[?25l[1;23r[1;1H[L[1;24r[1;1H1. wc -l lask.fake >> Assignment3.txt[6;1H[?25h[?25l[1;23r[1;1H[L[1;24r[1;1HCommands I used to solve:[6;37H[?25h[?25l[1;23r[1;1H[L[1;24r[6;41H[?25h[?25l[1;23r[1;1H[L[1;24r[1;1HTask 1:[6;3H[?25h[5;47H[4;37H[3;26H[2;1H[1;7H
[3;26H[4;37H[5;47H
3.[7;41H[8;37H
[10;19H[11;17H[12;12H[13;19H
[15;18H[16;7H
[18;26H[?25l[1;23r[1;1H[3M[1;24r[21;1HUsers who logged in on Sunday:
jewonf23
saniaf23[16;64H[?25h[?25l[1;23r[23;1H
[1;24r[23;1Htienf23[18;1H[?25h[?25l[1;23r[23;1H
[1;24r[23;1HKudos to these people for putting in the work[18;19H[?25h[?25l[1;23r[23;1H
[1;24r[18;31H[?25h[?25l[1;23r[23;1H
[1;24r[23;1H-------------------[18;8H[?25h[?25l[1;23r[23;1H
[1;24r[23;1HTask 3:[18;8H[?25h[?25l[1;23r[23;1H
[1;24r[18;7H[?25h[?25l[1;23r[23;1H
[1;24r[23;1HCommands I used to solve:[18;45H[?25h[?25l[1;23r[1;1H[3M[1;24r[21;1Hawk '($7 >= "23:00" || $7 <= "04:00") {print $1}' lastf23.fake | sort | uniq -d | awk 'BEGIN {prii[22;1Hnt "Night Owls List: "} {print $1} END {print "Night Owls are dope. Please ensure you get enough  [23;1Hsleep though."}'[16;1H[?25h[17;19H[18;8H[?25l[1;23r[23;1H
[1;24r[18;1H[?25h[?25l[1;23r[23;1H
[1;24r[23;1HOutput of commands:[18;25H[?25h[?25l[1;23r[1;1H[3M[1;24r[21;1HNight Owls List:
aaronf23
anasf23[16;64H[?25h[?25l[1;23r[1;1H[3M[1;24r[21;1Hdivijf23
hamzaf23
jamesf23[16;1H[?25h[17;19H[18;17H[?25l[1;23r[23;1H
[1;24r[23;1Hjunf23[18;8H[?25h[?25l[1;23r[23;1H
[1;24r[23;1Hkobef23[18;7H[?25h[?25l[1;23r[23;1H
[1;24r[23;1Hmaximf23[18;8H[?25h[?25l[1;23r[23;1H
[1;24r[23;1Hrahulf23[18;8H[?25h[?25l[1;23r[23;1H
[1;24r[23;1Hrikkif23[18;8H[?25h[?25l[1;23r[23;1H
[1;24r[23;1Hsaniaf23[18;6H[?25h[?25l[1;23r[23;1H
[1;24r[23;1Hthif23[18;7H[?25h[?25l[1;23r[23;1H
[1;24r[23;1Htienf23[18;8H[?25h[?25l[1;23r[23;1H
[1;24r[23;1HNight Owls are dope. Please ensure you get enough sleep though.[18;8H[?25h[?25l[1;23r[23;1H
[1;24r[18;8H[?25h[?25l[1;23r[23;1H
[1;24r[23;1H-------------------------------[18;8H[?25h[?25l[1;23r[23;1H
[1;24r[23;1HTask 4:[18;6H[?25h[?25l[1;23r[1;1H[3M[1;24r[22;1HCommands I used to solve:
awk '$7 >= "05:00" && $7 <= "09:00" && !names[$1]++ {list = list $1 ORS} END {if (list) print "Ea[23;1H[94m@@@                                                                                              [16;7H[?25h[17;63H
[?25l[1;23r[m[1;1H[2M[1;24r[21;1Hawk '$7 >= "05:00" && $7 <= "09:00" && !names[$1]++ {list = list $1 ORS} END {if (list) print "Eaa[22;1Hrly Birds List: \n" list "Early Birds are dope. Please ensure you get enough sleep though."}' lass[23;1Htf23.fake >> Assignment3.txt[17;31H[?25h[18;8H[?25l[1;23r[23;1H
[1;24r[18;1H[?25h[?25l[1;23r[23;1H
[1;24r[23;1HOutput of commands:[18;25H[?25h[?25l[1;23r[1;1H[3M[1;24r[21;1HEarly Birds List:
hamzaf23
hof23[16;64H[?25h[?25l[1;23r[23;1H
[1;24r[23;1Hthif23[18;1H[?25h[?25l[1;23r[23;1H
[1;24r[23;1Hsaniaf23[18;19H[?25h[?25l[1;23r[23;1H
[1;24r[23;1Htienf23[18;18H[?25h[?25l[1;23r[23;1H
[1;24r[23;1HEarly Birds are dope. Please ensure you get enough sleep though.[18;8H[?25h
hof2[20;6H[21;8H[22;7H[23;64H[?25l
[1m-- INSERT --[1;23r[m[23;1H
[1;24r[23;1H[?25h[?25li[?25h[?25l[23;1H[K[23;1H[?25h[?25l[1;23r[23;1H
[1;24r[23;1H[?25h[?25l-[?25h[?25l-[?25h[?25l-[?25h[?25l-[?25h[?25l-[?25h[?25l-[?25h[?25l-[?25h[?25l-[?25h[?25l-[?25h[?25l-[?25h[?25l-[?25h[?25l-[?25h[?25l-[?25h[?25l-[?25h[?25l-[?25h[?25l-[?25h[?25l-[?25h[?25l-[?25h[?25l-[?25h[?25l-[?25h[?25l-[?25h[?25l-[?25h[?25l-[?25h[?25l-[?25h[?25l-[?25h[?25l-[?25h[?25l-[?25h[?25l-[?25h[?25l-[?25h[?25l-[?25h[?25l-[?25h[?25l-[?25h[?25l-[?25h[?25l-[?25h[?25l-[?25h[?25l-[?25h[?25l[1;23r[23;1H
[1;24r[23;1H[?25h[?25lT[?25h[?25la[?25h[?25ls[?25h[?25lk[?25h[?25l [?25h[?25l5[?25h[?25l:[?25h[?25l [?25h[?25l[1;23r[23;1H
[1;24r[23;1H[?25h[?25l[1;23r[23;1H
[1;24r[23;1H[?25h[?25lCommands I used to solve:[?25h[?25l[1;23r[23;1H
[1;24r[23;1H[?25h[?25l[1;23r[23;1H
[1;24r[23;1H[?25h[?25l[1;23r[23;1H
[1;24r[23;1H[?25h[?25lOutput of commands:[?25h[?25l[1;23r[23;1H
[1;24r[23;1H[?25h[?25l[94m~                                                                                                [22;20H[?25h[m[24;1H[K[22;19H[?25l[?25h[?25l

:[?2004h[?25hx[?25l[?2004l"Assignment3.txt" 72L, 1674C written
[?2004l[?1l>[?25h[?1049l[23;0;0tbash-4.4$ awk '/^r[Kt/ {}p}r}i}n}t} }$}1}[C' [K | uq[Kniq -d lastf23.fake
rahulf23 pts/122                       Wed Oct  4 13:21 - 13:21  (00:00)
rahulf23 pts/122                       Wed Oct  4 13:20 - 13:20  (00:00)
rahulf23 pts/122                       Wed Oct  4 13:16 - 13:16  (00:00)

âˆ‚ bash-4.4$ 
bash-4.4$ awk '/^t/ {print $1}' | uniq -d lastf23.fake[C[1@ [1@|[1@s[1@o[1@r[1@t[C
rahulf23 pts/122                       Wed Oct  4 13:21 - 13:21  (00:00)
rahulf23 pts/122                       Wed Oct  4 13:20 - 13:20  (00:00)
rahulf23 pts/122                       Wed Oct  4 13:16 - 13:16  (00:00)
aw  bash-4.4$ 
bash-4.4$ awk '$1 ~ /^t/ {}p}r}i}n}t} }$}1}[C | sort | uniq -d lastf23.fake
> bash: unexpected EOF while looking for matching `''
bash: syntax error: unexpected end of file
bash-4.4$ awk '$1 ~ /^t/ {print $1} | sort | uniq -d lastf23.fake[1@'[1P[C[1@'
rahulf23 pts/122                       Wed Oct  4 13:21 - 13:21  (00:00)
rahulf23 pts/122                       Wed Oct  4 13:20 - 13:20  (00:00)
rahulf23 pts/122                       Wed Oct  4 13:16 - 13:16  (00:00)
bash-4.4$ 
bash-4.4$ awk -F: '$1 ~ /^t/ {print $1}' lastf23.fake | sort | uniq -d
tienf23  pts/96                        Sun Oct  1 04
bash-4.4$ awk -F: '$1 ~ /^t/ {print $1}' lastf23.fake {print $1} | sort | uniq -d
awk: cmd. line:1: fatal: cannot open file `{print' for reading (No such file or directory)
tienf23  pts/96                        Sun Oct  1 04
bash-4.4$ awk -F: '$1 ~ /^t/ {print $1}' lastf23.fake; {print $1} | sort | uniq -d
thif23   pts/31                        Thu Oct 26 03
thif23   pts/96                        Thu Oct 26 02
thif23   pts/42       172.29.96.249    Thu Oct 26 01
tienf23  pts/41       172.29.97.2      Wed Oct 25 22
tienf23  pts/117      172.29.96.207    Mon Oct 23 21
tienf23  pts/77       172.29.96.156    Wed Oct 18 18
tienf23  pts/62       172.29.96.157    Wed Oct 18 17
tienf23  pts/77       172.29.96.132    Mon Oct 16 23
thif23   pts/111      172.29.96.114    Fri Oct 13 21
tienf23  pts/77       172.29.96.116    Fri Oct 13 20
tienf23  pts/111      172.29.96.116    Fri Oct 13 20
thif23   pts/107                       Fri Oct 13 20
thif23   pts/77       172.29.96.114    Fri Oct 13 20
thif23   pts/121                       Fri Oct 13 19
thif23   pts/120      172.29.96.114    Fri Oct 13 19
thif23   pts/73       172.20.25.9      Fri Oct 13 14
thif23   pts/60                        Fri Oct 13 14
thif23   pts/76       172.29.96.98     Fri Oct 13 13
thif23   pts/93       172.29.96.86     Wed Oct 11 19
tienf23  pts/2        172.29.96.51     Tue Oct 10 21
tienf23  pts/85       172.29.96.51     Tue Oct 10 19
tienf23  pts/83       172.29.96.58     Tue Oct 10 19
thif23   pts/80       172.29.96.66     Tue Oct 10 18
thif23   pts/132      172.20.25.9      Thu Oct  5 01
thif23   pts/122                       Thu Oct  5 01
thif23   pts/62       172.29.96.78     Thu Oct  5 01
thif23   pts/104      172.20.25.9      Tue Oct  3 23
thif23   pts/88                        Tue Oct  3 23
tienf23  pts/121      172.29.96.67     Tue Oct  3 23
thif23   pts/104      172.20.25.9      Tue Oct  3 21
thif23   pts/88                        Tue Oct  3 21
thif23   pts/36       172.29.96.61     Tue Oct  3 21
thif23   pts/135      172.20.25.9      Tue Oct  3 20
thif23   pts/122                       Tue Oct  3 20
thif23   pts/40       172.29.96.61     Tue Oct  3 20
thif23   pts/88       172.29.96.62     Tue Oct  3 06
thif23   pts/104      172.20.25.9      Tue Oct  3 05
thif23   pts/96                        Tue Oct  3 05
thif23   pts/88       172.29.96.62     Tue Oct  3 05
thif23   pts/137      172.29.96.61     Mon Oct  2 19
tienf23  pts/96       172.29.96.37     Sun Oct  1 05
tienf23  pts/96                        Sun Oct  1 04
tienf23  pts/96                        Sun Oct  1 04
tienf23  pts/96                        Sun Oct  1 04
bash: {print: command not found
bash-4.4$ awk -F: '$1 ~ /^t/ {print $1}' lastf23.fake | sort | uniq -d
tienf23  pts/96                        Sun Oct  1 04

=======================================================================================

Task 5:

bash-4.4$ awk '/^t/ {}p}r}u}n}t}[1P}[1P}[1P}i}n}t} }$}1}[C;[K' lastf3[K23.fake |sort sort[C[C[C[C |un[K[K uniq
thif23
tienf23
bash-4.4$ awk '/^t/ {print $1}' lastf23.fake | sort | uniq >> Asi[Ksignment3.txt 

=======================================================================================

bash-4.4$ vi Assignment3.txt 
[?2004h[?1049h[22;0;0t[?1h=[?2004h[1;24r[?12h[?12l[27m[23m[29m[m[H[2J[?25l[24;1H"Assignment3.txt" 74L, 1689C[1;1HTask 1:

Commands I used to solve:
1. wc -l lask.fake >> Assignment3.txt
2. awk '/f23/ {print} last.fake >> lastf23.fake
3.
awk '/!f23/ {print}' lastf23.fake | wc -l
wc -l lastf23.fake >> Assignment3.txt

Output of commands:
1. 2162 last.fake
2. No output
3. 239 lastf23.fake

------------------
Task 2:

Commands I used to solve:
egrep "Sun" lastf23.fake | awk '{print $1}' | sort | uniq -d | awk 'BEGIN {print "The list of peoo[20;1Hple who worked on Sunday are: "} {print $1} END {print "Kudos to these people for putting in the  [21;1Hwork"}'

Output of commands:[1;1H[?25h
















[?25l[1;23r[1;1H[3M[1;24r[21;1HUsers who logged in on Sunday:
jewonf23
saniaf23[24;1H[K[16;1H[?25h[?25l[1;23r[23;1H
[1;24r[23;1Htienf23[18;1H[?25h[?25l[1;23r[23;1H
[1;24r[23;1HKudos to these people for putting in the work[18;1H[?25h[?25l[1;23r[23;1H
[1;24r[18;1H[?25h[?25l[1;23r[23;1H
[1;24r[23;1H-------------------[18;1H[?25h[?25l[1;23r[23;1H
[1;24r[23;1HTask 3:[18;1H[?25h[?25l[1;23r[23;1H
[1;24r[18;1H[?25h[?25l[1;23r[23;1H
[1;24r[23;1HCommands I used to solve:[18;1H[?25h[?25l[1;23r[1;1H[3M[1;24r[21;1Hawk '($7 >= "23:00" || $7 <= "04:00") {print $1}' lastf23.fake | sort | uniq -d | awk 'BEGIN {prii[22;1Hnt "Night Owls List: "} {print $1} END {print "Night Owls are dope. Please ensure you get enough  [23;1Hsleep though."}'[16;1H[?25h

[?25l[1;23r[23;1H
[1;24r[18;1H[?25h[?25l[1;23r[23;1H
[1;24r[23;1HOutput of commands:[18;1H[?25h[?25l[1;23r[1;1H[3M[1;24r[21;1HNight Owls List:
aaronf23
anasf23[16;1H[?25h[?25l[1;23r[1;1H[3M[1;24r[21;1Hdivijf23
hamzaf23
jamesf23[16;1H[?25h

[?25l[1;23r[23;1H
[1;24r[23;1Hjunf23[18;1H[?25h[?25l[1;23r[23;1H
[1;24r[23;1Hkobef23[18;1H[?25h[?25l[1;23r[23;1H
[1;24r[23;1Hmaximf23[18;1H[?25h[?25l[1;23r[23;1H
[1;24r[23;1Hrahulf23[18;1H[?25h[?25l[1;23r[23;1H
[1;24r[23;1Hrikkif23[18;1H[?25h[?25l[1;23r[23;1H
[1;24r[23;1Hsaniaf23[18;1H[?25h[?25l[1;23r[23;1H
[1;24r[23;1Hthif23[18;1H[?25h[?25l[1;23r[23;1H
[1;24r[23;1Htienf23[18;1H[?25h[?25l[1;23r[23;1H
[1;24r[23;1HNight Owls are dope. Please ensure you get enough sleep though.[18;1H[?25h[?25l[1;23r[23;1H
[1;24r[18;1H[?25h[?25l[1;23r[23;1H
[1;24r[23;1H-------------------------------[18;1H[?25h[?25l[1;23r[23;1H
[1;24r[23;1HTask 4:[18;1H[?25h[?25l[1;23r[1;1H[3M[1;24r[22;1HCommands I used to solve:
awk '$7 >= "05:00" && $7 <= "09:00" && !names[$1]++ {list = list $1 ORS} END {if (list) print "Ea[23;1H[94m@@@                                                                                              [16;1H[?25h

[?25l[1;23r[m[1;1H[2M[1;24r[21;1Hawk '$7 >= "05:00" && $7 <= "09:00" && !names[$1]++ {list = list $1 ORS} END {if (list) print "Eaa[22;1Hrly Birds List: \n" list "Early Birds are dope. Please ensure you get enough sleep though."}' lass[23;1Htf23.fake >> Assignment3.txt[17;1H[?25h
[?25l[1;23r[23;1H
[1;24r[18;1H[?25h[?25l[1;23r[23;1H
[1;24r[23;1HOutput of commands:[18;1H[?25h[?25l[1;23r[1;1H[3M[1;24r[21;1HEarly Birds List:
hamzaf23
hof23[16;1H[?25h[?25l[1;23r[23;1H
[1;24r[23;1Hthif23[18;1H[?25h[?25l[1;23r[23;1H
[1;24r[23;1Hsaniaf23[18;1H[?25h[?25l[1;23r[23;1H
[1;24r[23;1Htienf23[18;1H[?25h[?25l[1;23r[23;1H
[1;24r[23;1HEarly Birds are dope. Please ensure you get enough sleep though.[18;1H[?25h[?25l[1;23r[23;1H
[1;24r[18;1H[?25h[?25l[1;23r[23;1H
[1;24r[23;1H------------------------------------[18;1H[?25h[?25l[1;23r[23;1H
[1;24r[23;1HTask 5:[18;1H[?25h[?25l[1;23r[23;1H
[1;24r[18;1H[?25h[?25l[1;23r[23;1H
[1;24r[23;1HCommands I used to solve:[18;1H[?25h[?25l[1;23r[23;1H
[1;24r[18;1H[?25h[?25l[1;23r[23;1H
[1;24r[18;1H[?25h[?25l[1;23r[23;1H
[1;24r[23;1HOutput of commands:[18;1H[?25h[?25l[1;23r[23;1H
[1;24r[23;1Hthif23[18;1H[?25h[?25l[1;23r[23;1H
[1;24r[23;1Htienf23[18;1H[?25h




[22;1H[21;1H[20;1H[19;1H[?25l[24;1H[1m-- INSERT --[m[19;1Hawk '/^t/ {print $1}' lastf23.fake | sort | u[?25h[?25l[24;1H[K[19;46Hniq >> Assignment3.txt[?25h
[21;19H[22;6H[23;7H[?25l
[1m-- INSERT --[23;7H[?25h[?25l[1;23r[m[23;1H
[1;24r[22;7H[K[23;1H3[?25h[?25l[22;7H3
[94m~                                                                                                [22;7H[?25h[m3[?25l[23;1H[K[23;1H[?25h[?25l[1;23r[1;1H[3M[1;24r[22;1H[94m~                                                                                                [23;1H~                                                                                                [21;1H[?25h[?25l[m------------------------------------[?25h[?25l[22;1H[K[22;1H[?25h[?25lT[?25h[?25la[?25h[?25ls[?25h[?25lk[?25h[?25l [?25h[?25l6[?25h[?25l:[?25h[?25l[23;1H[K[23;1H[?25h[?25l[1;23r[23;1H
[1;24r[23;1H[?25h[?25lCommands I used to solve:[?25h[?25l[1;23r[23;1H
[1;24r[23;1H[?25h[?25l[1;23r[23;1H
[1;24r[23;1H[?25h[?25l[1;23r[23;1H
[1;24r[23;1H[?25h[?25lOutput of commands:[?25h[24;1H[K[23;19H[?25l[?25h[?25l
:[?2004h[?25hx[?25l[?2004l"Assignment3.txt" 82L, 1851C written
[?2004l[?1l>[?25h[?1049l[23;0;0tbash-4.4$ awk -f[K
awk: cmd. line:2: -
awk: cmd. line:2:  ^ unexpected newline or end of string


=======================================================================================
Task6: 

bash-4.4$  [Kawk '/^a/ && $3 % 2 == 0 {print $1}' passwd.fake | sort | uniq[C[1@ [1@-[1@F[1@:[C[C[C[C[C[C[C[C[C[C
ajay23fa
alan23fa
amreenf23
angie23fa
apple23fa
areebah23fa
bash-4.4$ awk -F: '/^a/ && $3 % 2 == 0 {print $1}' passwd.fake | sort | uniq >> Assignment3.txt 

=======================================================================================

bash-4.4$ vi Assignment3.txt 
[?2004h[?1049h[22;0;0t[?1h=[?2004h[1;24r[?12h[?12l[27m[23m[29m[m[H[2J[?25l[24;1H"Assignment3.txt" 88L, 1911C[1;1HTask 1:

Commands I used to solve:
1. wc -l lask.fake >> Assignment3.txt
2. awk '/f23/ {print} last.fake >> lastf23.fake
3.
awk '/!f23/ {print}' lastf23.fake | wc -l
wc -l lastf23.fake >> Assignment3.txt

Output of commands:
1. 2162 last.fake
2. No output
3. 239 lastf23.fake

------------------
Task 2:

Commands I used to solve:
egrep "Sun" lastf23.fake | awk '{print $1}' | sort | uniq -d | awk 'BEGIN {print "The list of peoo[20;1Hple who worked on Sunday are: "} {print $1} END {print "Kudos to these people for putting in the  [21;1Hwork"}'

Output of commands:[1;1H[?25h
















[?25l[1;23r[1;1H[3M[1;24r[21;1HUsers who logged in on Sunday:
jewonf23
saniaf23[24;1H[K[16;1H[?25h[?25l[1;23r[23;1H
[1;24r[23;1Htienf23[18;1H[?25h[?25l[1;23r[23;1H
[1;24r[23;1HKudos to these people for putting in the work[18;1H[?25h[?25l[1;23r[23;1H
[1;24r[18;1H[?25h[?25l[1;23r[23;1H
[1;24r[23;1H-------------------[18;1H[?25h[?25l[1;23r[23;1H
[1;24r[23;1HTask 3:[18;1H[?25h[?25l[1;23r[23;1H
[1;24r[18;1H[?25h[?25l[1;23r[23;1H
[1;24r[23;1HCommands I used to solve:[18;1H[?25h[?25l[1;23r[1;1H[3M[1;24r[21;1Hawk '($7 >= "23:00" || $7 <= "04:00") {print $1}' lastf23.fake | sort | uniq -d | awk 'BEGIN {prii[22;1Hnt "Night Owls List: "} {print $1} END {print "Night Owls are dope. Please ensure you get enough  [23;1Hsleep though."}'[16;1H[?25h

[?25l[1;23r[23;1H
[1;24r[18;1H[?25h[?25l[1;23r[23;1H
[1;24r[23;1HOutput of commands:[18;1H[?25h[?25l[1;23r[1;1H[3M[1;24r[21;1HNight Owls List:
aaronf23
anasf23[16;1H[?25h[?25l[1;23r[1;1H[3M[1;24r[21;1Hdivijf23
hamzaf23
jamesf23[16;1H[?25h

[?25l[1;23r[23;1H
[1;24r[23;1Hjunf23[18;1H[?25h[?25l[1;23r[23;1H
[1;24r[23;1Hkobef23[18;1H[?25h[?25l[1;23r[23;1H
[1;24r[23;1Hmaximf23[18;1H[?25h[?25l[1;23r[23;1H
[1;24r[23;1Hrahulf23[18;1H[?25h[?25l[1;23r[23;1H
[1;24r[23;1Hrikkif23[18;1H[?25h[?25l[1;23r[23;1H
[1;24r[23;1Hsaniaf23[18;1H[?25h[?25l[1;23r[23;1H
[1;24r[23;1Hthif23[18;1H[?25h[?25l[1;23r[23;1H
[1;24r[23;1Htienf23[18;1H[?25h[?25l[1;23r[23;1H
[1;24r[23;1HNight Owls are dope. Please ensure you get enough sleep though.[18;1H[?25h[?25l[1;23r[23;1H
[1;24r[18;1H[?25h[?25l[1;23r[23;1H
[1;24r[23;1H-------------------------------[18;1H[?25h[?25l[1;23r[23;1H
[1;24r[23;1HTask 4:[18;1H[?25h[?25l[1;23r[1;1H[3M[1;24r[22;1HCommands I used to solve:
awk '$7 >= "05:00" && $7 <= "09:00" && !names[$1]++ {list = list $1 ORS} END {if (list) print "Ea[23;1H[94m@@@                                                                                              [16;1H[?25h

[?25l[1;23r[m[1;1H[2M[1;24r[21;1Hawk '$7 >= "05:00" && $7 <= "09:00" && !names[$1]++ {list = list $1 ORS} END {if (list) print "Eaa[22;1Hrly Birds List: \n" list "Early Birds are dope. Please ensure you get enough sleep though."}' lass[23;1Htf23.fake >> Assignment3.txt[17;1H[?25h
[?25l[1;23r[23;1H
[1;24r[18;1H[?25h[?25l[1;23r[23;1H
[1;24r[23;1HOutput of commands:[18;1H[?25h[?25l[1;23r[1;1H[3M[1;24r[21;1HEarly Birds List:
hamzaf23
hof23[16;1H[?25h[?25l[1;23r[23;1H
[1;24r[23;1Hthif23[18;1H[?25h[?25l[1;23r[23;1H
[1;24r[23;1Hsaniaf23[18;1H[?25h[?25l[1;23r[23;1H
[1;24r[23;1Htienf23[18;1H[?25h[?25l[1;23r[23;1H
[1;24r[23;1HEarly Birds are dope. Please ensure you get enough sleep though.[18;1H[?25h[?25l[1;23r[23;1H
[1;24r[18;1H[?25h[?25l[1;23r[23;1H
[1;24r[23;1H------------------------------------[18;1H[?25h[?25l[1;23r[23;1H
[1;24r[23;1HTask 5:[18;1H[?25h[?25l[1;23r[23;1H
[1;24r[18;1H[?25h[?25l[1;23r[23;1H
[1;24r[23;1HCommands I used to solve:[18;1H[?25h[?25l[1;23r[23;1H
[1;24r[23;1Hawk '/^t/ {print $1}' lastf23.fake | sort | uniq >> Assignment3.txt[18;1H[?25h[?25l[1;23r[23;1H
[1;24r[18;1H[?25h[?25l[1;23r[23;1H
[1;24r[23;1HOutput of commands:[18;1H[?25h[?25l[1;23r[23;1H
[1;24r[23;1Hthif23[18;1H[?25h[?25l[1;23r[23;1H
[1;24r[23;1Htienf23[18;1H[?25h[?25l[1;23r[23;1H
[1;24r[18;1H[?25h[?25l[1;23r[1;1H[3M[1;24r[21;1H------------------------------------
Task 6:[16;1H[?25h

[?25l[1;23r[23;1H
[1;24r[23;1HCommands I used to solve:[18;1H[?25h[?25l[1;23r[23;1H
[1;24r[18;1H[?25h[?25l[1;23r[23;1H
[1;24r[18;1H[?25h[?25l[1;23r[23;1H
[1;24r[23;1HOutput of commands:[18;1H[?25h[?25l[1;23r[23;1H
[1;24r[23;1Hajay23fa[18;1H[?25h[?25l[1;23r[23;1H
[1;24r[23;1Halan23fa[18;1H[?25h[?25l[1;23r[23;1H
[1;24r[23;1Hamreenf23[18;1H[?25h[?25l[1;23r[23;1H
[1;24r[23;1Hangie23fa[18;1H[?25h[?25l[1;23r[23;1H
[1;24r[23;1Happle23fa[18;1H[?25h[?25l[1;23r[23;1H
[1;24r[23;1Hareebah23fa[18;1H[?25h




[22;1H[21;1H[20;1H[19;1H[18;1H[17;1H[16;1H[15;1H[14;1H
[?25l[24;1H[1m-- INSERT --[m[15;1Hawk -F: '/^a/ && $3 % 2 == 0 {print $1}' passwd.fake | sort[?25h[?25l[24;1H[K[15;61H| uniq >> Assignment3.txt[?25h
[17;19H[18;8H[19;8H[20;9H[21;9H[22;9H[23;11H[?25l
[1m-- INSERT --[23;11H[?25h[ma[?25l[1;23r[23;1H
[1;24r[23;1H[?25h[?25l[1;23r[23;1H
[1;24r[23;1H[?25h[?25l------------------------------------[?25h[?25l[1;23r[23;1H
[1;24r[23;1H[?25h[?25l[1;23r[23;1H
[1;24r[23;1H[?25h[22;1H[?25lT[?25h[?25la[?25h[?25ls[?25h[?25lk[?25h[?25l [?25h[?25l7[?25h[?25l:[?25h[?25l[1;23r[23;1H
[1;24r[22;1H[?25h[?25l[1;23r[23;1H
[1;24r[22;1H[?25h[?25lCommands I used to solve:[?25h
[?25l[1;23r[23;1H
[1;24r[23;1H[?25h[?25l[1;23r[23;1H
[1;24r[23;1H[?25h[?25lOutput of commands:[?25h[24;1H[K[23;19H[?25l[?25h[?25l
:[?2004h[?25hx[?25l[?2004l"Assignment3.txt" 96L, 2091C written
[?2004l[?1l>[?25h[?1049l[23;0;0t


=======================================================================================
Task 7:

bash-4.4$ sed -r 's/[a-zA-Z0-9 ]//g' passwd.fake | sort -u
-::::-:/://
-:::::///-://
-:::::/://
::::-:///://
:::::///://
:::::///_/://
:::::///__/://
::::://://
:::::/://
bash-4.4$ sed -r 's/[a-zA-Z0-9 ]//g' passwd.fake | sort -u >> Assignment3.txt 
bash-4.4$ vi Assignment3.txt 
[?2004h[?1049h[22;0;0t[?1h=[?2004h[1;24r[?12h[?12l[27m[23m[29m[m[H[2J[?25l[24;1H"Assignment3.txt" 105L, 2203C[1;1HTask 1:

Commands I used to solve:
1. wc -l lask.fake >> Assignment3.txt
2. awk '/f23/ {print} last.fake >> lastf23.fake
3.
awk '/!f23/ {print}' lastf23.fake | wc -l
wc -l lastf23.fake >> Assignment3.txt

Output of commands:
1. 2162 last.fake
2. No output
3. 239 lastf23.fake

------------------
Task 2:

Commands I used to solve:
egrep "Sun" lastf23.fake | awk '{print $1}' | sort | uniq -d | awk 'BEGIN {print "The list of peoo[20;1Hple who worked on Sunday are: "} {print $1} END {print "Kudos to these people for putting in the  [21;1Hwork"}'

Output of commands:[1;1H[?25h
















[?25l[1;23r[1;1H[3M[1;24r[21;1HUsers who logged in on Sunday:
jewonf23
saniaf23[24;1H[K[16;1H[?25h[?25l[1;23r[23;1H
[1;24r[23;1Htienf23[18;1H[?25h[?25l[1;23r[23;1H
[1;24r[23;1HKudos to these people for putting in the work[18;1H[?25h[?25l[1;23r[23;1H
[1;24r[18;1H[?25h[?25l[1;23r[23;1H
[1;24r[23;1H-------------------[18;1H[?25h[?25l[1;23r[23;1H
[1;24r[23;1HTask 3:[18;1H[?25h[?25l[1;23r[23;1H
[1;24r[18;1H[?25h[?25l[1;23r[23;1H
[1;24r[23;1HCommands I used to solve:[18;1H[?25h[?25l[1;23r[1;1H[3M[1;24r[21;1Hawk '($7 >= "23:00" || $7 <= "04:00") {print $1}' lastf23.fake | sort | uniq -d | awk 'BEGIN {prii[22;1Hnt "Night Owls List: "} {print $1} END {print "Night Owls are dope. Please ensure you get enough  [23;1Hsleep though."}'[16;1H[?25h

[?25l[1;23r[23;1H
[1;24r[18;1H[?25h[?25l[1;23r[23;1H
[1;24r[23;1HOutput of commands:[18;1H[?25h[?25l[1;23r[1;1H[3M[1;24r[21;1HNight Owls List:
aaronf23
anasf23[16;1H[?25h[?25l[1;23r[1;1H[3M[1;24r[21;1Hdivijf23
hamzaf23
jamesf23[16;1H[?25h

[?25l[1;23r[23;1H
[1;24r[23;1Hjunf23[18;1H[?25h[?25l[1;23r[23;1H
[1;24r[23;1Hkobef23[18;1H[?25h[?25l[1;23r[23;1H
[1;24r[23;1Hmaximf23[18;1H[?25h[?25l[1;23r[23;1H
[1;24r[23;1Hrahulf23[18;1H[?25h[?25l[1;23r[23;1H
[1;24r[23;1Hrikkif23[18;1H[?25h[?25l[1;23r[23;1H
[1;24r[23;1Hsaniaf23[18;1H[?25h[?25l[1;23r[23;1H
[1;24r[23;1Hthif23[18;1H[?25h[?25l[1;23r[23;1H
[1;24r[23;1Htienf23[18;1H[?25h[?25l[1;23r[23;1H
[1;24r[23;1HNight Owls are dope. Please ensure you get enough sleep though.[18;1H[?25h[?25l[1;23r[23;1H
[1;24r[18;1H[?25h[?25l[1;23r[23;1H
[1;24r[23;1H-------------------------------[18;1H[?25h[?25l[1;23r[23;1H
[1;24r[23;1HTask 4:[18;1H[?25h[?25l[1;23r[1;1H[3M[1;24r[22;1HCommands I used to solve:
awk '$7 >= "05:00" && $7 <= "09:00" && !names[$1]++ {list = list $1 ORS} END {if (list) print "Ea[23;1H[94m@@@                                                                                              [16;1H[?25h

[?25l[1;23r[m[1;1H[2M[1;24r[21;1Hawk '$7 >= "05:00" && $7 <= "09:00" && !names[$1]++ {list = list $1 ORS} END {if (list) print "Eaa[22;1Hrly Birds List: \n" list "Early Birds are dope. Please ensure you get enough sleep though."}' lass[23;1Htf23.fake >> Assignment3.txt[17;1H[?25h
[?25l[1;23r[23;1H
[1;24r[18;1H[?25h[?25l[1;23r[23;1H
[1;24r[23;1HOutput of commands:[18;1H[?25h[?25l[1;23r[1;1H[3M[1;24r[21;1HEarly Birds List:
hamzaf23
hof23[16;1H[?25h[?25l[1;23r[23;1H
[1;24r[23;1Hthif23[18;1H[?25h[?25l[1;23r[23;1H
[1;24r[23;1Hsaniaf23[18;1H[?25h[?25l[1;23r[23;1H
[1;24r[23;1Htienf23[18;1H[?25h[?25l[1;23r[23;1H
[1;24r[23;1HEarly Birds are dope. Please ensure you get enough sleep though.[18;1H[?25h[?25l[1;23r[23;1H
[1;24r[18;1H[?25h[?25l[1;23r[23;1H
[1;24r[23;1H------------------------------------[18;1H[?25h[?25l[1;23r[23;1H
[1;24r[23;1HTask 5:[18;1H[?25h[?25l[1;23r[23;1H
[1;24r[18;1H[?25h[?25l[1;23r[23;1H
[1;24r[23;1HCommands I used to solve:[18;1H[?25h[?25l[1;23r[23;1H
[1;24r[23;1Hawk '/^t/ {print $1}' lastf23.fake | sort | uniq >> Assignment3.txt[18;1H[?25h[?25l[1;23r[23;1H
[1;24r[18;1H[?25h[?25l[1;23r[23;1H
[1;24r[23;1HOutput of commands:[18;1H[?25h[?25l[1;23r[23;1H
[1;24r[23;1Hthif23[18;1H[?25h[?25l[1;23r[23;1H
[1;24r[23;1Htienf23[18;1H[?25h[?25l[1;23r[23;1H
[1;24r[18;1H[?25h[?25l[1;23r[1;1H[3M[1;24r[21;1H------------------------------------
Task 6:[16;1H[?25h

[?25l[1;23r[23;1H
[1;24r[23;1HCommands I used to solve:[18;1H[?25h[?25l[1;23r[23;1H
[1;24r[23;1Hawk -F: '/^a/ && $3 % 2 == 0 {print $1}' passwd.fake | sort | uniq >> Assignment3.txt[18;1H[?25h[?25l[1;23r[23;1H
[1;24r[18;1H[?25h[?25l[1;23r[23;1H
[1;24r[23;1HOutput of commands:[18;1H[?25h[?25l[1;23r[23;1H
[1;24r[23;1Hajay23fa[18;1H[?25h[?25l[1;23r[23;1H
[1;24r[23;1Halan23fa[18;1H[?25h[?25l[1;23r[23;1H
[1;24r[23;1Hamreenf23[18;1H[?25h[?25l[1;23r[23;1H
[1;24r[23;1Hangie23fa[18;1H[?25h[?25l[1;23r[23;1H
[1;24r[23;1Happle23fa[18;1H[?25h[?25l[1;23r[23;1H
[1;24r[23;1Hareebah23fa[18;1H[?25h[?25l[1;23r[23;1H
[1;24r[18;1H[?25h[?25l[1;23r[23;1H
[1;24r[23;1H------------------------------------[18;1H[?25h[?25l[1;23r[23;1H
[1;24r[23;1HTask 7:[18;1H[?25h[?25l[1;23r[23;1H
[1;24r[18;1H[?25h[?25l[1;23r[23;1H
[1;24r[23;1HCommands I used to solve:[18;1H[?25h[?25l[1;23r[23;1H
[1;24r[18;1H[?25h[?25l[1;23r[23;1H
[1;24r[18;1H[?25h[?25l[1;23r[23;1H
[1;24r[23;1HOutput of commands:[18;1H[?25h[?25l[1;23r[23;1H
[1;24r[23;1H-::::-:/://[18;1H[?25h[?25l[1;23r[23;1H
[1;24r[23;1H-:::::///-://[18;1H[?25h[?25l[1;23r[23;1H
[1;24r[23;1H-:::::/://[18;1H[?25h[?25l[1;23r[23;1H
[1;24r[23;1H::::-:///://[18;1H[?25h[?25l[1;23r[23;1H
[1;24r[23;1H:::::///://[18;1H[?25h[?25l[1;23r[23;1H
[1;24r[23;1H:::::///_/://[18;1H[?25h[?25l[1;23r[23;1H
[1;24r[23;1H:::::///__/://[18;1H[?25h[?25l[1;23r[23;1H
[1;24r[23;1H::::://://[18;1H[?25h[?25l[1;23r[23;1H
[1;24r[23;1H:::::/://[18;1H[?25h




[22;1H[21;1H[20;1H[19;1H[18;1H[17;1H[16;1H[15;1H[14;1H[13;1H[12;1H[?25l[24;1H[1m-- INSERT --[m[12;1Hsed -r 's/[a-zA-Z0-9 ]//g' passwd.fake | sort -u >> Assign[?25h[?25l[24;1H[K[12;59Hment3.txt[?25h
[14;19H[15;11H[16;13H[17;10H[18;12H[19;11H[20;13H[21;14H[22;10H[23;9H[?25l
:[?2004h[?25hx[?25l[?2004l"Assignment3.txt" 105L, 2270C written
[?2004l[?1l>[?25h[?1049l[23;0;0tbash-4.4$ script[K[K[K[K[K[Kexit
exit

Script done on 2023-11-02 22:42:03-04:00
